------------------------------------------------------------
Timing Analyzer Summary
------------------------------------------------------------

Type  : Slow 900mV 100C Model Setup 'i0|emif_0_phy_clk_l_2'
Slack : 0.070
TNS   : 0.000

Type  : Slow 900mV 100C Model Setup 'i0|emif_0_core_usr_clk'
Slack : 0.177
TNS   : 0.000

Type  : Slow 900mV 100C Model Setup 'i0|emif_0_phy_clk_l_1'
Slack : 0.354
TNS   : 0.000

Type  : Slow 900mV 100C Model Setup 'i0|emif_0_phy_clk_l_0'
Slack : 0.967
TNS   : 0.000

Type  : Slow 900mV 100C Model Setup 'pio_system|emif_0_ref_clock'
Slack : 1.918
TNS   : 0.000

Type  : Slow 900mV 100C Model Setup 'i0|emif_0_core_extra_clk_0'
Slack : 2.889
TNS   : 0.000

Type  : Slow 900mV 100C Model Setup 'i0|emif_0_core_cal_slave_clk'
Slack : 4.032
TNS   : 0.000

Type  : Slow 900mV 100C Model Setup 'fpga_clk_i'
Slack : 13.703
TNS   : 0.000

Type  : Slow 900mV 100C Model Setup 'AD1939_MCLK'
Slack : 38.377
TNS   : 0.000

Type  : Slow 900mV 100C Model Setup 'AD1939_ABCLK'
Slack : 75.840
TNS   : 0.000

Type  : Slow 900mV 100C Model Hold 'fpga_clk_i'
Slack : 0.039
TNS   : 0.000

Type  : Slow 900mV 100C Model Hold 'i0|emif_0_core_extra_clk_0'
Slack : 0.041
TNS   : 0.000

Type  : Slow 900mV 100C Model Hold 'AD1939_MCLK'
Slack : 0.042
TNS   : 0.000

Type  : Slow 900mV 100C Model Hold 'AD1939_ABCLK'
Slack : 0.044
TNS   : 0.000

Type  : Slow 900mV 100C Model Hold 'i0|emif_0_core_cal_slave_clk'
Slack : 0.052
TNS   : 0.000

Type  : Slow 900mV 100C Model Hold 'i0|emif_0_core_usr_clk'
Slack : 0.062
TNS   : 0.000

Type  : Slow 900mV 100C Model Hold 'pio_system|emif_0_ref_clock'
Slack : 0.086
TNS   : 0.000

Type  : Slow 900mV 100C Model Hold 'i0|emif_0_phy_clk_l_0'
Slack : 0.342
TNS   : 0.000

Type  : Slow 900mV 100C Model Hold 'i0|emif_0_phy_clk_l_1'
Slack : 0.377
TNS   : 0.000

Type  : Slow 900mV 100C Model Hold 'i0|emif_0_phy_clk_l_2'
Slack : 0.379
TNS   : 0.000

Type  : Slow 900mV 100C Model Recovery 'i0|emif_0_core_usr_clk'
Slack : 0.767
TNS   : 0.000

Type  : Slow 900mV 100C Model Recovery 'pio_system|emif_0_ref_clock'
Slack : 2.294
TNS   : 0.000

Type  : Slow 900mV 100C Model Recovery 'i0|emif_0_core_cal_slave_clk'
Slack : 3.214
TNS   : 0.000

Type  : Slow 900mV 100C Model Recovery 'i0|emif_0_phy_clk_1'
Slack : 4.111
TNS   : 0.000

Type  : Slow 900mV 100C Model Recovery 'i0|emif_0_phy_clk_0'
Slack : 5.060
TNS   : 0.000

Type  : Slow 900mV 100C Model Recovery 'i0|emif_0_core_extra_clk_0'
Slack : 5.546
TNS   : 0.000

Type  : Slow 900mV 100C Model Recovery 'i0|emif_0_phy_clk_2'
Slack : 5.588
TNS   : 0.000

Type  : Slow 900mV 100C Model Recovery 'i0|emif_0_phy_clk_l_1'
Slack : 12.947
TNS   : 0.000

Type  : Slow 900mV 100C Model Recovery 'i0|emif_0_phy_clk_l_0'
Slack : 14.124
TNS   : 0.000

Type  : Slow 900mV 100C Model Recovery 'i0|emif_0_phy_clk_l_2'
Slack : 14.443
TNS   : 0.000

Type  : Slow 900mV 100C Model Recovery 'fpga_clk_i'
Slack : 16.593
TNS   : 0.000

Type  : Slow 900mV 100C Model Recovery 'AD1939_MCLK'
Slack : 73.504
TNS   : 0.000

Type  : Slow 900mV 100C Model Removal 'i0|emif_0_core_usr_clk'
Slack : 0.391
TNS   : 0.000

Type  : Slow 900mV 100C Model Removal 'AD1939_MCLK'
Slack : 0.394
TNS   : 0.000

Type  : Slow 900mV 100C Model Removal 'pio_system|emif_0_ref_clock'
Slack : 0.478
TNS   : 0.000

Type  : Slow 900mV 100C Model Removal 'fpga_clk_i'
Slack : 0.493
TNS   : 0.000

Type  : Slow 900mV 100C Model Removal 'i0|emif_0_core_extra_clk_0'
Slack : 0.502
TNS   : 0.000

Type  : Slow 900mV 100C Model Removal 'i0|emif_0_core_cal_slave_clk'
Slack : 0.545
TNS   : 0.000

Type  : Slow 900mV 100C Model Removal 'i0|emif_0_phy_clk_2'
Slack : 3.600
TNS   : 0.000

Type  : Slow 900mV 100C Model Removal 'i0|emif_0_phy_clk_0'
Slack : 4.015
TNS   : 0.000

Type  : Slow 900mV 100C Model Removal 'i0|emif_0_phy_clk_1'
Slack : 4.798
TNS   : 0.000

Type  : Slow 900mV 100C Model Removal 'i0|emif_0_phy_clk_l_2'
Slack : 5.010
TNS   : 0.000

Type  : Slow 900mV 100C Model Removal 'i0|emif_0_phy_clk_l_0'
Slack : 5.262
TNS   : 0.000

Type  : Slow 900mV 100C Model Removal 'i0|emif_0_phy_clk_l_1'
Slack : 6.095
TNS   : 0.000

Type  : Slow 900mV 100C Model Minimum Pulse Width 'FPGA_memory_mem1_dqs[0]_IN'
Slack : 0.143
TNS   : 0.000

Type  : Slow 900mV 100C Model Minimum Pulse Width 'FPGA_memory_mem1_dqs[2]_IN'
Slack : 0.143
TNS   : 0.000

Type  : Slow 900mV 100C Model Minimum Pulse Width 'FPGA_memory_mem1_dqs[3]_IN'
Slack : 0.143
TNS   : 0.000

Type  : Slow 900mV 100C Model Minimum Pulse Width 'FPGA_memory_mem1_dqs[4]_IN'
Slack : 0.143
TNS   : 0.000

Type  : Slow 900mV 100C Model Minimum Pulse Width 'FPGA_memory_mem1_dqs[5]_IN'
Slack : 0.143
TNS   : 0.000

Type  : Slow 900mV 100C Model Minimum Pulse Width 'FPGA_memory_mem1_dqs[6]_IN'
Slack : 0.143
TNS   : 0.000

Type  : Slow 900mV 100C Model Minimum Pulse Width 'hps_memory_mem_dqs[1]_IN'
Slack : 0.143
TNS   : 0.000

Type  : Slow 900mV 100C Model Minimum Pulse Width 'hps_memory_mem_dqs[2]_IN'
Slack : 0.143
TNS   : 0.000

Type  : Slow 900mV 100C Model Minimum Pulse Width 'FPGA_memory_mem1_dqs[1]_IN'
Slack : 0.144
TNS   : 0.000

Type  : Slow 900mV 100C Model Minimum Pulse Width 'FPGA_memory_mem1_dqs[7]_IN'
Slack : 0.144
TNS   : 0.000

Type  : Slow 900mV 100C Model Minimum Pulse Width 'hps_memory_mem_dqs[0]_IN'
Slack : 0.144
TNS   : 0.000

Type  : Slow 900mV 100C Model Minimum Pulse Width 'hps_memory_mem_dqs[3]_IN'
Slack : 0.144
TNS   : 0.000

Type  : Slow 900mV 100C Model Minimum Pulse Width 'hps_memory_mem_dqs[4]_IN'
Slack : 0.144
TNS   : 0.000

Type  : Slow 900mV 100C Model Minimum Pulse Width 'i0|emif_0_wf_clk_10'
Slack : 0.347
TNS   : 0.000

Type  : Slow 900mV 100C Model Minimum Pulse Width 'i0|emif_0_wf_clk_3'
Slack : 0.347
TNS   : 0.000

Type  : Slow 900mV 100C Model Minimum Pulse Width 'i0|emif_0_wf_clk_4'
Slack : 0.347
TNS   : 0.000

Type  : Slow 900mV 100C Model Minimum Pulse Width 'i0|emif_0_wf_clk_5'
Slack : 0.347
TNS   : 0.000

Type  : Slow 900mV 100C Model Minimum Pulse Width 'i0|emif_0_wf_clk_6'
Slack : 0.347
TNS   : 0.000

Type  : Slow 900mV 100C Model Minimum Pulse Width 'i0|emif_0_wf_clk_7'
Slack : 0.347
TNS   : 0.000

Type  : Slow 900mV 100C Model Minimum Pulse Width 'i0|emif_0_wf_clk_8'
Slack : 0.347
TNS   : 0.000

Type  : Slow 900mV 100C Model Minimum Pulse Width 'i0|emif_0_wf_clk_9'
Slack : 0.347
TNS   : 0.000

Type  : Slow 900mV 100C Model Minimum Pulse Width 'i0|emif_a10_hps_0_wf_clk_3'
Slack : 0.347
TNS   : 0.000

Type  : Slow 900mV 100C Model Minimum Pulse Width 'i0|emif_a10_hps_0_wf_clk_4'
Slack : 0.347
TNS   : 0.000

Type  : Slow 900mV 100C Model Minimum Pulse Width 'i0|emif_a10_hps_0_wf_clk_5'
Slack : 0.347
TNS   : 0.000

Type  : Slow 900mV 100C Model Minimum Pulse Width 'i0|emif_a10_hps_0_wf_clk_6'
Slack : 0.347
TNS   : 0.000

Type  : Slow 900mV 100C Model Minimum Pulse Width 'i0|emif_a10_hps_0_wf_clk_7'
Slack : 0.347
TNS   : 0.000

Type  : Slow 900mV 100C Model Minimum Pulse Width 'i0|emif_0_vco_clk'
Slack : 0.387
TNS   : 0.000

Type  : Slow 900mV 100C Model Minimum Pulse Width 'i0|emif_0_wf_clk_0'
Slack : 0.402
TNS   : 0.000

Type  : Slow 900mV 100C Model Minimum Pulse Width 'i0|emif_0_wf_clk_1'
Slack : 0.402
TNS   : 0.000

Type  : Slow 900mV 100C Model Minimum Pulse Width 'i0|emif_0_wf_clk_2'
Slack : 0.402
TNS   : 0.000

Type  : Slow 900mV 100C Model Minimum Pulse Width 'i0|emif_a10_hps_0_wf_clk_0'
Slack : 0.402
TNS   : 0.000

Type  : Slow 900mV 100C Model Minimum Pulse Width 'i0|emif_a10_hps_0_wf_clk_1'
Slack : 0.402
TNS   : 0.000

Type  : Slow 900mV 100C Model Minimum Pulse Width 'i0|emif_a10_hps_0_wf_clk_2'
Slack : 0.402
TNS   : 0.000

Type  : Slow 900mV 100C Model Minimum Pulse Width 'i0|emif_0_vco_clk_1'
Slack : 0.412
TNS   : 0.000

Type  : Slow 900mV 100C Model Minimum Pulse Width 'i0|emif_0_vco_clk_2'
Slack : 0.412
TNS   : 0.000

Type  : Slow 900mV 100C Model Minimum Pulse Width 'i0|emif_a10_hps_0_vco_clk_0'
Slack : 0.412
TNS   : 0.000

Type  : Slow 900mV 100C Model Minimum Pulse Width 'i0|emif_a10_hps_0_vco_clk_1'
Slack : 0.412
TNS   : 0.000

Type  : Slow 900mV 100C Model Minimum Pulse Width 'i0|emif_0_phy_clk_0'
Slack : 0.718
TNS   : 0.000

Type  : Slow 900mV 100C Model Minimum Pulse Width 'i0|emif_0_phy_clk_1'
Slack : 0.718
TNS   : 0.000

Type  : Slow 900mV 100C Model Minimum Pulse Width 'i0|emif_0_phy_clk_2'
Slack : 0.718
TNS   : 0.000

Type  : Slow 900mV 100C Model Minimum Pulse Width 'i0|emif_a10_hps_0_phy_clk_0'
Slack : 0.719
TNS   : 0.000

Type  : Slow 900mV 100C Model Minimum Pulse Width 'i0|emif_a10_hps_0_phy_clk_1'
Slack : 0.719
TNS   : 0.000

Type  : Slow 900mV 100C Model Minimum Pulse Width 'i0|emif_a10_hps_0_phy_clk_l_0'
Slack : 0.720
TNS   : 0.000

Type  : Slow 900mV 100C Model Minimum Pulse Width 'i0|emif_a10_hps_0_phy_clk_l_1'
Slack : 0.720
TNS   : 0.000

Type  : Slow 900mV 100C Model Minimum Pulse Width 'i0|emif_0_core_usr_clk'
Slack : 1.334
TNS   : 0.000

Type  : Slow 900mV 100C Model Minimum Pulse Width 'i0|emif_0_phy_clk_l_0'
Slack : 1.554
TNS   : 0.000

Type  : Slow 900mV 100C Model Minimum Pulse Width 'i0|emif_0_phy_clk_l_1'
Slack : 1.554
TNS   : 0.000

Type  : Slow 900mV 100C Model Minimum Pulse Width 'i0|emif_0_phy_clk_l_2'
Slack : 1.554
TNS   : 0.000

Type  : Slow 900mV 100C Model Minimum Pulse Width 'pio_system|emif_a10_hps_0_ref_clock'
Slack : 1.594
TNS   : 0.000

Type  : Slow 900mV 100C Model Minimum Pulse Width 'pio_system|emif_0_ref_clock'
Slack : 1.618
TNS   : 0.000

Type  : Slow 900mV 100C Model Minimum Pulse Width 'i0|emif_0_core_cal_slave_clk'
Slack : 2.964
TNS   : 0.000

Type  : Slow 900mV 100C Model Minimum Pulse Width '~ALTERA_CLKUSR~'
Slack : 3.696
TNS   : 0.000

Type  : Slow 900mV 100C Model Minimum Pulse Width 'i0|emif_0_core_extra_clk_0'
Slack : 4.605
TNS   : 0.000

Type  : Slow 900mV 100C Model Minimum Pulse Width 'hps_spim0_sclk_out'
Slack : 4.849
TNS   : 0.000

Type  : Slow 900mV 100C Model Minimum Pulse Width 'fpga_clk_i'
Slack : 9.797
TNS   : 0.000

Type  : Slow 900mV 100C Model Minimum Pulse Width 'AD1939_MCLK'
Slack : 40.242
TNS   : 0.000

Type  : Slow 900mV 100C Model Minimum Pulse Width 'AD1939_ABCLK'
Slack : 40.384
TNS   : 0.000

Type  : Slow 900mV 100C Model Minimum Pulse Width 'hps_i2c_internal'
Slack : 1248.773
TNS   : 0.000

Type  : Slow 900mV 100C Model Minimum Pulse Width 'AD1939_ALRCLK'
Slack : 2603.654
TNS   : 0.000

Type  : Slow 900mV 100C Model Net Delay 'set_net_delay'
Slack : 1.655

Type  : Slow 900mV 100C Model Net Delay 'set_net_delay'
Slack : 1.964

Type  : Slow 900mV 100C Model Net Delay 'set_net_delay'
Slack : 2.093

Type  : Slow 900mV 100C Model Net Delay 'set_net_delay'
Slack : 3.015

Type  : Slow 900mV -40C Model Setup 'i0|emif_0_core_usr_clk'
Slack : 0.163
TNS   : 0.000

Type  : Slow 900mV -40C Model Setup 'i0|emif_0_phy_clk_l_2'
Slack : 0.175
TNS   : 0.000

Type  : Slow 900mV -40C Model Setup 'i0|emif_0_phy_clk_l_1'
Slack : 0.426
TNS   : 0.000

Type  : Slow 900mV -40C Model Setup 'i0|emif_0_phy_clk_l_0'
Slack : 1.026
TNS   : 0.000

Type  : Slow 900mV -40C Model Setup 'pio_system|emif_0_ref_clock'
Slack : 1.835
TNS   : 0.000

Type  : Slow 900mV -40C Model Setup 'i0|emif_0_core_extra_clk_0'
Slack : 3.600
TNS   : 0.000

Type  : Slow 900mV -40C Model Setup 'i0|emif_0_core_cal_slave_clk'
Slack : 4.021
TNS   : 0.000

Type  : Slow 900mV -40C Model Setup 'fpga_clk_i'
Slack : 13.981
TNS   : 0.000

Type  : Slow 900mV -40C Model Setup 'AD1939_MCLK'
Slack : 38.341
TNS   : 0.000

Type  : Slow 900mV -40C Model Setup 'AD1939_ABCLK'
Slack : 76.596
TNS   : 0.000

Type  : Slow 900mV -40C Model Hold 'AD1939_MCLK'
Slack : 0.031
TNS   : 0.000

Type  : Slow 900mV -40C Model Hold 'fpga_clk_i'
Slack : 0.032
TNS   : 0.000

Type  : Slow 900mV -40C Model Hold 'AD1939_ABCLK'
Slack : 0.035
TNS   : 0.000

Type  : Slow 900mV -40C Model Hold 'i0|emif_0_core_extra_clk_0'
Slack : 0.035
TNS   : 0.000

Type  : Slow 900mV -40C Model Hold 'i0|emif_0_core_cal_slave_clk'
Slack : 0.041
TNS   : 0.000

Type  : Slow 900mV -40C Model Hold 'i0|emif_0_core_usr_clk'
Slack : 0.050
TNS   : 0.000

Type  : Slow 900mV -40C Model Hold 'pio_system|emif_0_ref_clock'
Slack : 0.072
TNS   : 0.000

Type  : Slow 900mV -40C Model Hold 'i0|emif_0_phy_clk_l_1'
Slack : 0.224
TNS   : 0.000

Type  : Slow 900mV -40C Model Hold 'i0|emif_0_phy_clk_l_2'
Slack : 0.226
TNS   : 0.000

Type  : Slow 900mV -40C Model Hold 'i0|emif_0_phy_clk_l_0'
Slack : 0.281
TNS   : 0.000

Type  : Slow 900mV -40C Model Recovery 'i0|emif_0_core_usr_clk'
Slack : 0.817
TNS   : 0.000

Type  : Slow 900mV -40C Model Recovery 'pio_system|emif_0_ref_clock'
Slack : 2.318
TNS   : 0.000

Type  : Slow 900mV -40C Model Recovery 'i0|emif_0_core_cal_slave_clk'
Slack : 3.413
TNS   : 0.000

Type  : Slow 900mV -40C Model Recovery 'i0|emif_0_phy_clk_1'
Slack : 4.184
TNS   : 0.000

Type  : Slow 900mV -40C Model Recovery 'i0|emif_0_phy_clk_0'
Slack : 5.116
TNS   : 0.000

Type  : Slow 900mV -40C Model Recovery 'i0|emif_0_core_extra_clk_0'
Slack : 5.406
TNS   : 0.000

Type  : Slow 900mV -40C Model Recovery 'i0|emif_0_phy_clk_2'
Slack : 5.535
TNS   : 0.000

Type  : Slow 900mV -40C Model Recovery 'i0|emif_0_phy_clk_l_1'
Slack : 12.944
TNS   : 0.000

Type  : Slow 900mV -40C Model Recovery 'i0|emif_0_phy_clk_l_0'
Slack : 14.108
TNS   : 0.000

Type  : Slow 900mV -40C Model Recovery 'i0|emif_0_phy_clk_l_2'
Slack : 14.345
TNS   : 0.000

Type  : Slow 900mV -40C Model Recovery 'fpga_clk_i'
Slack : 16.820
TNS   : 0.000

Type  : Slow 900mV -40C Model Recovery 'AD1939_MCLK'
Slack : 74.562
TNS   : 0.000

Type  : Slow 900mV -40C Model Removal 'AD1939_MCLK'
Slack : 0.230
TNS   : 0.000

Type  : Slow 900mV -40C Model Removal 'i0|emif_0_core_usr_clk'
Slack : 0.405
TNS   : 0.000

Type  : Slow 900mV -40C Model Removal 'pio_system|emif_0_ref_clock'
Slack : 0.427
TNS   : 0.000

Type  : Slow 900mV -40C Model Removal 'fpga_clk_i'
Slack : 0.428
TNS   : 0.000

Type  : Slow 900mV -40C Model Removal 'i0|emif_0_core_extra_clk_0'
Slack : 0.486
TNS   : 0.000

Type  : Slow 900mV -40C Model Removal 'i0|emif_0_core_cal_slave_clk'
Slack : 0.523
TNS   : 0.000

Type  : Slow 900mV -40C Model Removal 'i0|emif_0_phy_clk_2'
Slack : 3.539
TNS   : 0.000

Type  : Slow 900mV -40C Model Removal 'i0|emif_0_phy_clk_0'
Slack : 3.872
TNS   : 0.000

Type  : Slow 900mV -40C Model Removal 'i0|emif_0_phy_clk_1'
Slack : 4.631
TNS   : 0.000

Type  : Slow 900mV -40C Model Removal 'i0|emif_0_phy_clk_l_2'
Slack : 4.959
TNS   : 0.000

Type  : Slow 900mV -40C Model Removal 'i0|emif_0_phy_clk_l_0'
Slack : 5.172
TNS   : 0.000

Type  : Slow 900mV -40C Model Removal 'i0|emif_0_phy_clk_l_1'
Slack : 5.881
TNS   : 0.000

Type  : Slow 900mV -40C Model Minimum Pulse Width 'FPGA_memory_mem1_dqs[0]_IN'
Slack : 0.095
TNS   : 0.000

Type  : Slow 900mV -40C Model Minimum Pulse Width 'FPGA_memory_mem1_dqs[1]_IN'
Slack : 0.095
TNS   : 0.000

Type  : Slow 900mV -40C Model Minimum Pulse Width 'FPGA_memory_mem1_dqs[2]_IN'
Slack : 0.095
TNS   : 0.000

Type  : Slow 900mV -40C Model Minimum Pulse Width 'FPGA_memory_mem1_dqs[4]_IN'
Slack : 0.095
TNS   : 0.000

Type  : Slow 900mV -40C Model Minimum Pulse Width 'FPGA_memory_mem1_dqs[6]_IN'
Slack : 0.095
TNS   : 0.000

Type  : Slow 900mV -40C Model Minimum Pulse Width 'FPGA_memory_mem1_dqs[7]_IN'
Slack : 0.095
TNS   : 0.000

Type  : Slow 900mV -40C Model Minimum Pulse Width 'hps_memory_mem_dqs[0]_IN'
Slack : 0.095
TNS   : 0.000

Type  : Slow 900mV -40C Model Minimum Pulse Width 'hps_memory_mem_dqs[2]_IN'
Slack : 0.095
TNS   : 0.000

Type  : Slow 900mV -40C Model Minimum Pulse Width 'hps_memory_mem_dqs[3]_IN'
Slack : 0.095
TNS   : 0.000

Type  : Slow 900mV -40C Model Minimum Pulse Width 'hps_memory_mem_dqs[4]_IN'
Slack : 0.095
TNS   : 0.000

Type  : Slow 900mV -40C Model Minimum Pulse Width 'FPGA_memory_mem1_dqs[3]_IN'
Slack : 0.096
TNS   : 0.000

Type  : Slow 900mV -40C Model Minimum Pulse Width 'FPGA_memory_mem1_dqs[5]_IN'
Slack : 0.096
TNS   : 0.000

Type  : Slow 900mV -40C Model Minimum Pulse Width 'hps_memory_mem_dqs[1]_IN'
Slack : 0.096
TNS   : 0.000

Type  : Slow 900mV -40C Model Minimum Pulse Width 'i0|emif_a10_hps_0_wf_clk_4'
Slack : 0.357
TNS   : 0.000

Type  : Slow 900mV -40C Model Minimum Pulse Width 'i0|emif_a10_hps_0_wf_clk_5'
Slack : 0.357
TNS   : 0.000

Type  : Slow 900mV -40C Model Minimum Pulse Width 'i0|emif_a10_hps_0_wf_clk_6'
Slack : 0.357
TNS   : 0.000

Type  : Slow 900mV -40C Model Minimum Pulse Width 'i0|emif_a10_hps_0_wf_clk_7'
Slack : 0.357
TNS   : 0.000

Type  : Slow 900mV -40C Model Minimum Pulse Width 'i0|emif_0_wf_clk_10'
Slack : 0.358
TNS   : 0.000

Type  : Slow 900mV -40C Model Minimum Pulse Width 'i0|emif_0_wf_clk_3'
Slack : 0.358
TNS   : 0.000

Type  : Slow 900mV -40C Model Minimum Pulse Width 'i0|emif_0_wf_clk_4'
Slack : 0.358
TNS   : 0.000

Type  : Slow 900mV -40C Model Minimum Pulse Width 'i0|emif_0_wf_clk_5'
Slack : 0.358
TNS   : 0.000

Type  : Slow 900mV -40C Model Minimum Pulse Width 'i0|emif_0_wf_clk_6'
Slack : 0.358
TNS   : 0.000

Type  : Slow 900mV -40C Model Minimum Pulse Width 'i0|emif_0_wf_clk_7'
Slack : 0.358
TNS   : 0.000

Type  : Slow 900mV -40C Model Minimum Pulse Width 'i0|emif_0_wf_clk_8'
Slack : 0.358
TNS   : 0.000

Type  : Slow 900mV -40C Model Minimum Pulse Width 'i0|emif_0_wf_clk_9'
Slack : 0.358
TNS   : 0.000

Type  : Slow 900mV -40C Model Minimum Pulse Width 'i0|emif_a10_hps_0_wf_clk_3'
Slack : 0.358
TNS   : 0.000

Type  : Slow 900mV -40C Model Minimum Pulse Width 'i0|emif_0_vco_clk'
Slack : 0.392
TNS   : 0.000

Type  : Slow 900mV -40C Model Minimum Pulse Width 'i0|emif_0_wf_clk_0'
Slack : 0.394
TNS   : 0.000

Type  : Slow 900mV -40C Model Minimum Pulse Width 'i0|emif_0_wf_clk_1'
Slack : 0.394
TNS   : 0.000

Type  : Slow 900mV -40C Model Minimum Pulse Width 'i0|emif_0_wf_clk_2'
Slack : 0.394
TNS   : 0.000

Type  : Slow 900mV -40C Model Minimum Pulse Width 'i0|emif_a10_hps_0_wf_clk_0'
Slack : 0.394
TNS   : 0.000

Type  : Slow 900mV -40C Model Minimum Pulse Width 'i0|emif_a10_hps_0_wf_clk_2'
Slack : 0.394
TNS   : 0.000

Type  : Slow 900mV -40C Model Minimum Pulse Width 'i0|emif_a10_hps_0_wf_clk_1'
Slack : 0.395
TNS   : 0.000

Type  : Slow 900mV -40C Model Minimum Pulse Width 'i0|emif_0_vco_clk_1'
Slack : 0.413
TNS   : 0.000

Type  : Slow 900mV -40C Model Minimum Pulse Width 'i0|emif_0_vco_clk_2'
Slack : 0.413
TNS   : 0.000

Type  : Slow 900mV -40C Model Minimum Pulse Width 'i0|emif_a10_hps_0_vco_clk_0'
Slack : 0.414
TNS   : 0.000

Type  : Slow 900mV -40C Model Minimum Pulse Width 'i0|emif_a10_hps_0_vco_clk_1'
Slack : 0.414
TNS   : 0.000

Type  : Slow 900mV -40C Model Minimum Pulse Width 'i0|emif_0_phy_clk_0'
Slack : 0.703
TNS   : 0.000

Type  : Slow 900mV -40C Model Minimum Pulse Width 'i0|emif_0_phy_clk_1'
Slack : 0.703
TNS   : 0.000

Type  : Slow 900mV -40C Model Minimum Pulse Width 'i0|emif_0_phy_clk_2'
Slack : 0.703
TNS   : 0.000

Type  : Slow 900mV -40C Model Minimum Pulse Width 'i0|emif_a10_hps_0_phy_clk_0'
Slack : 0.704
TNS   : 0.000

Type  : Slow 900mV -40C Model Minimum Pulse Width 'i0|emif_a10_hps_0_phy_clk_1'
Slack : 0.704
TNS   : 0.000

Type  : Slow 900mV -40C Model Minimum Pulse Width 'i0|emif_a10_hps_0_phy_clk_l_0'
Slack : 0.706
TNS   : 0.000

Type  : Slow 900mV -40C Model Minimum Pulse Width 'i0|emif_a10_hps_0_phy_clk_l_1'
Slack : 0.706
TNS   : 0.000

Type  : Slow 900mV -40C Model Minimum Pulse Width 'i0|emif_0_core_usr_clk'
Slack : 1.318
TNS   : 0.000

Type  : Slow 900mV -40C Model Minimum Pulse Width 'i0|emif_0_phy_clk_l_0'
Slack : 1.540
TNS   : 0.000

Type  : Slow 900mV -40C Model Minimum Pulse Width 'i0|emif_0_phy_clk_l_1'
Slack : 1.540
TNS   : 0.000

Type  : Slow 900mV -40C Model Minimum Pulse Width 'i0|emif_0_phy_clk_l_2'
Slack : 1.540
TNS   : 0.000

Type  : Slow 900mV -40C Model Minimum Pulse Width 'pio_system|emif_0_ref_clock'
Slack : 1.584
TNS   : 0.000

Type  : Slow 900mV -40C Model Minimum Pulse Width 'pio_system|emif_a10_hps_0_ref_clock'
Slack : 1.602
TNS   : 0.000

Type  : Slow 900mV -40C Model Minimum Pulse Width 'i0|emif_0_core_cal_slave_clk'
Slack : 2.942
TNS   : 0.000

Type  : Slow 900mV -40C Model Minimum Pulse Width '~ALTERA_CLKUSR~'
Slack : 3.669
TNS   : 0.000

Type  : Slow 900mV -40C Model Minimum Pulse Width 'i0|emif_0_core_extra_clk_0'
Slack : 4.576
TNS   : 0.000

Type  : Slow 900mV -40C Model Minimum Pulse Width 'hps_spim0_sclk_out'
Slack : 4.870
TNS   : 0.000

Type  : Slow 900mV -40C Model Minimum Pulse Width 'fpga_clk_i'
Slack : 9.652
TNS   : 0.000

Type  : Slow 900mV -40C Model Minimum Pulse Width 'AD1939_MCLK'
Slack : 40.108
TNS   : 0.000

Type  : Slow 900mV -40C Model Minimum Pulse Width 'AD1939_ABCLK'
Slack : 40.439
TNS   : 0.000

Type  : Slow 900mV -40C Model Minimum Pulse Width 'hps_i2c_internal'
Slack : 1248.630
TNS   : 0.000

Type  : Slow 900mV -40C Model Minimum Pulse Width 'AD1939_ALRCLK'
Slack : 2603.704
TNS   : 0.000

Type  : Slow 900mV -40C Model Net Delay 'set_net_delay'
Slack : 1.758

Type  : Slow 900mV -40C Model Net Delay 'set_net_delay'
Slack : 2.168

Type  : Slow 900mV -40C Model Net Delay 'set_net_delay'
Slack : 2.830

Type  : Slow 900mV -40C Model Net Delay 'set_net_delay'
Slack : 3.677

Type  : Fast 900mV 100C Model Setup 'i0|emif_0_phy_clk_l_2'
Slack : 0.877
TNS   : 0.000

Type  : Fast 900mV 100C Model Setup 'i0|emif_0_core_usr_clk'
Slack : 0.964
TNS   : 0.000

Type  : Fast 900mV 100C Model Setup 'i0|emif_0_phy_clk_l_1'
Slack : 1.122
TNS   : 0.000

Type  : Fast 900mV 100C Model Setup 'i0|emif_0_phy_clk_l_0'
Slack : 1.646
TNS   : 0.000

Type  : Fast 900mV 100C Model Setup 'pio_system|emif_0_ref_clock'
Slack : 2.531
TNS   : 0.000

Type  : Fast 900mV 100C Model Setup 'i0|emif_0_core_extra_clk_0'
Slack : 4.121
TNS   : 0.000

Type  : Fast 900mV 100C Model Setup 'i0|emif_0_core_cal_slave_clk'
Slack : 4.765
TNS   : 0.000

Type  : Fast 900mV 100C Model Setup 'fpga_clk_i'
Slack : 15.366
TNS   : 0.000

Type  : Fast 900mV 100C Model Setup 'AD1939_MCLK'
Slack : 38.986
TNS   : 0.000

Type  : Fast 900mV 100C Model Setup 'AD1939_ABCLK'
Slack : 76.744
TNS   : 0.000

Type  : Fast 900mV 100C Model Hold 'fpga_clk_i'
Slack : 0.016
TNS   : 0.000

Type  : Fast 900mV 100C Model Hold 'i0|emif_0_core_extra_clk_0'
Slack : 0.016
TNS   : 0.000

Type  : Fast 900mV 100C Model Hold 'AD1939_ABCLK'
Slack : 0.019
TNS   : 0.000

Type  : Fast 900mV 100C Model Hold 'AD1939_MCLK'
Slack : 0.019
TNS   : 0.000

Type  : Fast 900mV 100C Model Hold 'i0|emif_0_core_cal_slave_clk'
Slack : 0.025
TNS   : 0.000

Type  : Fast 900mV 100C Model Hold 'i0|emif_0_core_usr_clk'
Slack : 0.026
TNS   : 0.000

Type  : Fast 900mV 100C Model Hold 'pio_system|emif_0_ref_clock'
Slack : 0.028
TNS   : 0.000

Type  : Fast 900mV 100C Model Hold 'i0|emif_0_phy_clk_l_0'
Slack : 0.182
TNS   : 0.000

Type  : Fast 900mV 100C Model Hold 'i0|emif_0_phy_clk_l_2'
Slack : 0.271
TNS   : 0.000

Type  : Fast 900mV 100C Model Hold 'i0|emif_0_phy_clk_l_1'
Slack : 0.274
TNS   : 0.000

Type  : Fast 900mV 100C Model Recovery 'i0|emif_0_core_usr_clk'
Slack : 1.294
TNS   : 0.000

Type  : Fast 900mV 100C Model Recovery 'pio_system|emif_0_ref_clock'
Slack : 2.585
TNS   : 0.000

Type  : Fast 900mV 100C Model Recovery 'i0|emif_0_core_cal_slave_clk'
Slack : 3.955
TNS   : 0.000

Type  : Fast 900mV 100C Model Recovery 'i0|emif_0_phy_clk_1'
Slack : 5.612
TNS   : 0.000

Type  : Fast 900mV 100C Model Recovery 'i0|emif_0_phy_clk_0'
Slack : 6.295
TNS   : 0.000

Type  : Fast 900mV 100C Model Recovery 'i0|emif_0_phy_clk_2'
Slack : 6.785
TNS   : 0.000

Type  : Fast 900mV 100C Model Recovery 'i0|emif_0_core_extra_clk_0'
Slack : 6.882
TNS   : 0.000

Type  : Fast 900mV 100C Model Recovery 'i0|emif_0_phy_clk_l_1'
Slack : 14.850
TNS   : 0.000

Type  : Fast 900mV 100C Model Recovery 'i0|emif_0_phy_clk_l_0'
Slack : 15.720
TNS   : 0.000

Type  : Fast 900mV 100C Model Recovery 'i0|emif_0_phy_clk_l_2'
Slack : 16.049
TNS   : 0.000

Type  : Fast 900mV 100C Model Recovery 'fpga_clk_i'
Slack : 17.236
TNS   : 0.000

Type  : Fast 900mV 100C Model Recovery 'AD1939_MCLK'
Slack : 74.660
TNS   : 0.000

Type  : Fast 900mV 100C Model Removal 'i0|emif_0_core_usr_clk'
Slack : 0.272
TNS   : 0.000

Type  : Fast 900mV 100C Model Removal 'i0|emif_0_core_extra_clk_0'
Slack : 0.322
TNS   : 0.000

Type  : Fast 900mV 100C Model Removal 'fpga_clk_i'
Slack : 0.329
TNS   : 0.000

Type  : Fast 900mV 100C Model Removal 'pio_system|emif_0_ref_clock'
Slack : 0.331
TNS   : 0.000

Type  : Fast 900mV 100C Model Removal 'AD1939_MCLK'
Slack : 0.359
TNS   : 0.000

Type  : Fast 900mV 100C Model Removal 'i0|emif_0_core_cal_slave_clk'
Slack : 0.362
TNS   : 0.000

Type  : Fast 900mV 100C Model Removal 'i0|emif_0_phy_clk_2'
Slack : 3.048
TNS   : 0.000

Type  : Fast 900mV 100C Model Removal 'i0|emif_0_phy_clk_0'
Slack : 3.437
TNS   : 0.000

Type  : Fast 900mV 100C Model Removal 'i0|emif_0_phy_clk_1'
Slack : 4.003
TNS   : 0.000

Type  : Fast 900mV 100C Model Removal 'i0|emif_0_phy_clk_l_2'
Slack : 4.556
TNS   : 0.000

Type  : Fast 900mV 100C Model Removal 'i0|emif_0_phy_clk_l_0'
Slack : 4.787
TNS   : 0.000

Type  : Fast 900mV 100C Model Removal 'i0|emif_0_phy_clk_l_1'
Slack : 5.485
TNS   : 0.000

Type  : Fast 900mV 100C Model Minimum Pulse Width 'FPGA_memory_mem1_dqs[0]_IN'
Slack : 0.149
TNS   : 0.000

Type  : Fast 900mV 100C Model Minimum Pulse Width 'FPGA_memory_mem1_dqs[2]_IN'
Slack : 0.149
TNS   : 0.000

Type  : Fast 900mV 100C Model Minimum Pulse Width 'FPGA_memory_mem1_dqs[3]_IN'
Slack : 0.149
TNS   : 0.000

Type  : Fast 900mV 100C Model Minimum Pulse Width 'FPGA_memory_mem1_dqs[4]_IN'
Slack : 0.149
TNS   : 0.000

Type  : Fast 900mV 100C Model Minimum Pulse Width 'FPGA_memory_mem1_dqs[5]_IN'
Slack : 0.149
TNS   : 0.000

Type  : Fast 900mV 100C Model Minimum Pulse Width 'FPGA_memory_mem1_dqs[6]_IN'
Slack : 0.149
TNS   : 0.000

Type  : Fast 900mV 100C Model Minimum Pulse Width 'hps_memory_mem_dqs[0]_IN'
Slack : 0.149
TNS   : 0.000

Type  : Fast 900mV 100C Model Minimum Pulse Width 'hps_memory_mem_dqs[3]_IN'
Slack : 0.149
TNS   : 0.000

Type  : Fast 900mV 100C Model Minimum Pulse Width 'hps_memory_mem_dqs[4]_IN'
Slack : 0.149
TNS   : 0.000

Type  : Fast 900mV 100C Model Minimum Pulse Width 'FPGA_memory_mem1_dqs[1]_IN'
Slack : 0.150
TNS   : 0.000

Type  : Fast 900mV 100C Model Minimum Pulse Width 'FPGA_memory_mem1_dqs[7]_IN'
Slack : 0.150
TNS   : 0.000

Type  : Fast 900mV 100C Model Minimum Pulse Width 'hps_memory_mem_dqs[1]_IN'
Slack : 0.150
TNS   : 0.000

Type  : Fast 900mV 100C Model Minimum Pulse Width 'hps_memory_mem_dqs[2]_IN'
Slack : 0.150
TNS   : 0.000

Type  : Fast 900mV 100C Model Minimum Pulse Width 'i0|emif_0_wf_clk_10'
Slack : 0.335
TNS   : 0.000

Type  : Fast 900mV 100C Model Minimum Pulse Width 'i0|emif_0_wf_clk_3'
Slack : 0.335
TNS   : 0.000

Type  : Fast 900mV 100C Model Minimum Pulse Width 'i0|emif_0_wf_clk_4'
Slack : 0.335
TNS   : 0.000

Type  : Fast 900mV 100C Model Minimum Pulse Width 'i0|emif_0_wf_clk_5'
Slack : 0.335
TNS   : 0.000

Type  : Fast 900mV 100C Model Minimum Pulse Width 'i0|emif_0_wf_clk_6'
Slack : 0.335
TNS   : 0.000

Type  : Fast 900mV 100C Model Minimum Pulse Width 'i0|emif_0_wf_clk_7'
Slack : 0.335
TNS   : 0.000

Type  : Fast 900mV 100C Model Minimum Pulse Width 'i0|emif_0_wf_clk_8'
Slack : 0.335
TNS   : 0.000

Type  : Fast 900mV 100C Model Minimum Pulse Width 'i0|emif_0_wf_clk_9'
Slack : 0.335
TNS   : 0.000

Type  : Fast 900mV 100C Model Minimum Pulse Width 'i0|emif_a10_hps_0_wf_clk_3'
Slack : 0.335
TNS   : 0.000

Type  : Fast 900mV 100C Model Minimum Pulse Width 'i0|emif_a10_hps_0_wf_clk_4'
Slack : 0.335
TNS   : 0.000

Type  : Fast 900mV 100C Model Minimum Pulse Width 'i0|emif_a10_hps_0_wf_clk_5'
Slack : 0.335
TNS   : 0.000

Type  : Fast 900mV 100C Model Minimum Pulse Width 'i0|emif_a10_hps_0_wf_clk_6'
Slack : 0.335
TNS   : 0.000

Type  : Fast 900mV 100C Model Minimum Pulse Width 'i0|emif_a10_hps_0_wf_clk_7'
Slack : 0.335
TNS   : 0.000

Type  : Fast 900mV 100C Model Minimum Pulse Width 'i0|emif_0_wf_clk_0'
Slack : 0.401
TNS   : 0.000

Type  : Fast 900mV 100C Model Minimum Pulse Width 'i0|emif_a10_hps_0_wf_clk_0'
Slack : 0.401
TNS   : 0.000

Type  : Fast 900mV 100C Model Minimum Pulse Width 'i0|emif_0_wf_clk_1'
Slack : 0.405
TNS   : 0.000

Type  : Fast 900mV 100C Model Minimum Pulse Width 'i0|emif_0_wf_clk_2'
Slack : 0.405
TNS   : 0.000

Type  : Fast 900mV 100C Model Minimum Pulse Width 'i0|emif_a10_hps_0_wf_clk_1'
Slack : 0.405
TNS   : 0.000

Type  : Fast 900mV 100C Model Minimum Pulse Width 'i0|emif_a10_hps_0_wf_clk_2'
Slack : 0.405
TNS   : 0.000

Type  : Fast 900mV 100C Model Minimum Pulse Width 'i0|emif_0_vco_clk'
Slack : 0.409
TNS   : 0.000

Type  : Fast 900mV 100C Model Minimum Pulse Width 'i0|emif_0_vco_clk_1'
Slack : 0.414
TNS   : 0.000

Type  : Fast 900mV 100C Model Minimum Pulse Width 'i0|emif_0_vco_clk_2'
Slack : 0.414
TNS   : 0.000

Type  : Fast 900mV 100C Model Minimum Pulse Width 'i0|emif_a10_hps_0_vco_clk_0'
Slack : 0.414
TNS   : 0.000

Type  : Fast 900mV 100C Model Minimum Pulse Width 'i0|emif_a10_hps_0_vco_clk_1'
Slack : 0.414
TNS   : 0.000

Type  : Fast 900mV 100C Model Minimum Pulse Width 'i0|emif_0_phy_clk_0'
Slack : 0.780
TNS   : 0.000

Type  : Fast 900mV 100C Model Minimum Pulse Width 'i0|emif_0_phy_clk_1'
Slack : 0.780
TNS   : 0.000

Type  : Fast 900mV 100C Model Minimum Pulse Width 'i0|emif_0_phy_clk_2'
Slack : 0.780
TNS   : 0.000

Type  : Fast 900mV 100C Model Minimum Pulse Width 'i0|emif_a10_hps_0_phy_clk_0'
Slack : 0.780
TNS   : 0.000

Type  : Fast 900mV 100C Model Minimum Pulse Width 'i0|emif_a10_hps_0_phy_clk_1'
Slack : 0.780
TNS   : 0.000

Type  : Fast 900mV 100C Model Minimum Pulse Width 'i0|emif_a10_hps_0_phy_clk_l_0'
Slack : 0.781
TNS   : 0.000

Type  : Fast 900mV 100C Model Minimum Pulse Width 'i0|emif_a10_hps_0_phy_clk_l_1'
Slack : 0.781
TNS   : 0.000

Type  : Fast 900mV 100C Model Minimum Pulse Width 'i0|emif_0_core_usr_clk'
Slack : 1.346
TNS   : 0.000

Type  : Fast 900mV 100C Model Minimum Pulse Width 'i0|emif_0_phy_clk_l_0'
Slack : 1.615
TNS   : 0.000

Type  : Fast 900mV 100C Model Minimum Pulse Width 'i0|emif_0_phy_clk_l_1'
Slack : 1.615
TNS   : 0.000

Type  : Fast 900mV 100C Model Minimum Pulse Width 'i0|emif_0_phy_clk_l_2'
Slack : 1.615
TNS   : 0.000

Type  : Fast 900mV 100C Model Minimum Pulse Width 'pio_system|emif_a10_hps_0_ref_clock'
Slack : 1.619
TNS   : 0.000

Type  : Fast 900mV 100C Model Minimum Pulse Width 'pio_system|emif_0_ref_clock'
Slack : 1.623
TNS   : 0.000

Type  : Fast 900mV 100C Model Minimum Pulse Width 'i0|emif_0_core_cal_slave_clk'
Slack : 2.968
TNS   : 0.000

Type  : Fast 900mV 100C Model Minimum Pulse Width '~ALTERA_CLKUSR~'
Slack : 3.904
TNS   : 0.000

Type  : Fast 900mV 100C Model Minimum Pulse Width 'i0|emif_0_core_extra_clk_0'
Slack : 4.618
TNS   : 0.000

Type  : Fast 900mV 100C Model Minimum Pulse Width 'hps_spim0_sclk_out'
Slack : 4.960
TNS   : 0.000

Type  : Fast 900mV 100C Model Minimum Pulse Width 'fpga_clk_i'
Slack : 9.870
TNS   : 0.000

Type  : Fast 900mV 100C Model Minimum Pulse Width 'AD1939_MCLK'
Slack : 40.350
TNS   : 0.000

Type  : Fast 900mV 100C Model Minimum Pulse Width 'AD1939_ABCLK'
Slack : 40.425
TNS   : 0.000

Type  : Fast 900mV 100C Model Minimum Pulse Width 'hps_i2c_internal'
Slack : 1249.281
TNS   : 0.000

Type  : Fast 900mV 100C Model Minimum Pulse Width 'AD1939_ALRCLK'
Slack : 2603.761
TNS   : 0.000

Type  : Fast 900mV 100C Model Net Delay 'set_net_delay'
Slack : 1.842

Type  : Fast 900mV 100C Model Net Delay 'set_net_delay'
Slack : 2.246

Type  : Fast 900mV 100C Model Net Delay 'set_net_delay'
Slack : 2.861

Type  : Fast 900mV 100C Model Net Delay 'set_net_delay'
Slack : 4.097

Type  : Fast 900mV -40C Model Setup 'i0|emif_0_phy_clk_l_2'
Slack : 1.215
TNS   : 0.000

Type  : Fast 900mV -40C Model Setup 'i0|emif_0_core_usr_clk'
Slack : 1.277
TNS   : 0.000

Type  : Fast 900mV -40C Model Setup 'i0|emif_0_phy_clk_l_1'
Slack : 1.457
TNS   : 0.000

Type  : Fast 900mV -40C Model Setup 'i0|emif_0_phy_clk_l_0'
Slack : 1.840
TNS   : 0.000

Type  : Fast 900mV -40C Model Setup 'pio_system|emif_0_ref_clock'
Slack : 2.616
TNS   : 0.000

Type  : Fast 900mV -40C Model Setup 'i0|emif_0_core_cal_slave_clk'
Slack : 5.053
TNS   : 0.000

Type  : Fast 900mV -40C Model Setup 'i0|emif_0_core_extra_clk_0'
Slack : 5.370
TNS   : 0.000

Type  : Fast 900mV -40C Model Setup 'fpga_clk_i'
Slack : 16.316
TNS   : 0.000

Type  : Fast 900mV -40C Model Setup 'AD1939_MCLK'
Slack : 39.267
TNS   : 0.000

Type  : Fast 900mV -40C Model Setup 'AD1939_ABCLK'
Slack : 77.893
TNS   : 0.000

Type  : Fast 900mV -40C Model Hold 'i0|emif_0_core_extra_clk_0'
Slack : 0.011
TNS   : 0.000

Type  : Fast 900mV -40C Model Hold 'fpga_clk_i'
Slack : 0.013
TNS   : 0.000

Type  : Fast 900mV -40C Model Hold 'AD1939_MCLK'
Slack : 0.015
TNS   : 0.000

Type  : Fast 900mV -40C Model Hold 'AD1939_ABCLK'
Slack : 0.017
TNS   : 0.000

Type  : Fast 900mV -40C Model Hold 'i0|emif_0_core_cal_slave_clk'
Slack : 0.022
TNS   : 0.000

Type  : Fast 900mV -40C Model Hold 'pio_system|emif_0_ref_clock'
Slack : 0.022
TNS   : 0.000

Type  : Fast 900mV -40C Model Hold 'i0|emif_0_core_usr_clk'
Slack : 0.024
TNS   : 0.000

Type  : Fast 900mV -40C Model Hold 'i0|emif_0_phy_clk_l_2'
Slack : 0.098
TNS   : 0.000

Type  : Fast 900mV -40C Model Hold 'i0|emif_0_phy_clk_l_0'
Slack : 0.106
TNS   : 0.000

Type  : Fast 900mV -40C Model Hold 'i0|emif_0_phy_clk_l_1'
Slack : 0.107
TNS   : 0.000

Type  : Fast 900mV -40C Model Recovery 'i0|emif_0_core_usr_clk'
Slack : 1.756
TNS   : 0.000

Type  : Fast 900mV -40C Model Recovery 'pio_system|emif_0_ref_clock'
Slack : 2.717
TNS   : 0.000

Type  : Fast 900mV -40C Model Recovery 'i0|emif_0_core_cal_slave_clk'
Slack : 4.548
TNS   : 0.000

Type  : Fast 900mV -40C Model Recovery 'i0|emif_0_phy_clk_1'
Slack : 6.323
TNS   : 0.000

Type  : Fast 900mV -40C Model Recovery 'i0|emif_0_phy_clk_0'
Slack : 6.890
TNS   : 0.000

Type  : Fast 900mV -40C Model Recovery 'i0|emif_0_phy_clk_2'
Slack : 7.221
TNS   : 0.000

Type  : Fast 900mV -40C Model Recovery 'i0|emif_0_core_extra_clk_0'
Slack : 7.265
TNS   : 0.000

Type  : Fast 900mV -40C Model Recovery 'i0|emif_0_phy_clk_l_1'
Slack : 15.677
TNS   : 0.000

Type  : Fast 900mV -40C Model Recovery 'i0|emif_0_phy_clk_l_0'
Slack : 16.397
TNS   : 0.000

Type  : Fast 900mV -40C Model Recovery 'i0|emif_0_phy_clk_l_2'
Slack : 16.605
TNS   : 0.000

Type  : Fast 900mV -40C Model Recovery 'fpga_clk_i'
Slack : 17.806
TNS   : 0.000

Type  : Fast 900mV -40C Model Recovery 'AD1939_MCLK'
Slack : 76.427
TNS   : 0.000

Type  : Fast 900mV -40C Model Removal 'AD1939_MCLK'
Slack : 0.199
TNS   : 0.000

Type  : Fast 900mV -40C Model Removal 'i0|emif_0_core_usr_clk'
Slack : 0.210
TNS   : 0.000

Type  : Fast 900mV -40C Model Removal 'pio_system|emif_0_ref_clock'
Slack : 0.245
TNS   : 0.000

Type  : Fast 900mV -40C Model Removal 'i0|emif_0_core_extra_clk_0'
Slack : 0.248
TNS   : 0.000

Type  : Fast 900mV -40C Model Removal 'fpga_clk_i'
Slack : 0.249
TNS   : 0.000

Type  : Fast 900mV -40C Model Removal 'i0|emif_0_core_cal_slave_clk'
Slack : 0.270
TNS   : 0.000

Type  : Fast 900mV -40C Model Removal 'i0|emif_0_phy_clk_2'
Slack : 2.689
TNS   : 0.000

Type  : Fast 900mV -40C Model Removal 'i0|emif_0_phy_clk_0'
Slack : 2.956
TNS   : 0.000

Type  : Fast 900mV -40C Model Removal 'i0|emif_0_phy_clk_1'
Slack : 3.417
TNS   : 0.000

Type  : Fast 900mV -40C Model Removal 'i0|emif_0_phy_clk_l_2'
Slack : 4.234
TNS   : 0.000

Type  : Fast 900mV -40C Model Removal 'i0|emif_0_phy_clk_l_0'
Slack : 4.402
TNS   : 0.000

Type  : Fast 900mV -40C Model Removal 'i0|emif_0_phy_clk_l_1'
Slack : 4.882
TNS   : 0.000

Type  : Fast 900mV -40C Model Minimum Pulse Width 'FPGA_memory_mem1_dqs[1]_IN'
Slack : 0.151
TNS   : 0.000

Type  : Fast 900mV -40C Model Minimum Pulse Width 'FPGA_memory_mem1_dqs[2]_IN'
Slack : 0.151
TNS   : 0.000

Type  : Fast 900mV -40C Model Minimum Pulse Width 'FPGA_memory_mem1_dqs[4]_IN'
Slack : 0.151
TNS   : 0.000

Type  : Fast 900mV -40C Model Minimum Pulse Width 'FPGA_memory_mem1_dqs[7]_IN'
Slack : 0.151
TNS   : 0.000

Type  : Fast 900mV -40C Model Minimum Pulse Width 'hps_memory_mem_dqs[0]_IN'
Slack : 0.151
TNS   : 0.000

Type  : Fast 900mV -40C Model Minimum Pulse Width 'hps_memory_mem_dqs[1]_IN'
Slack : 0.151
TNS   : 0.000

Type  : Fast 900mV -40C Model Minimum Pulse Width 'hps_memory_mem_dqs[2]_IN'
Slack : 0.151
TNS   : 0.000

Type  : Fast 900mV -40C Model Minimum Pulse Width 'hps_memory_mem_dqs[3]_IN'
Slack : 0.151
TNS   : 0.000

Type  : Fast 900mV -40C Model Minimum Pulse Width 'hps_memory_mem_dqs[4]_IN'
Slack : 0.151
TNS   : 0.000

Type  : Fast 900mV -40C Model Minimum Pulse Width 'FPGA_memory_mem1_dqs[0]_IN'
Slack : 0.152
TNS   : 0.000

Type  : Fast 900mV -40C Model Minimum Pulse Width 'FPGA_memory_mem1_dqs[3]_IN'
Slack : 0.152
TNS   : 0.000

Type  : Fast 900mV -40C Model Minimum Pulse Width 'FPGA_memory_mem1_dqs[5]_IN'
Slack : 0.152
TNS   : 0.000

Type  : Fast 900mV -40C Model Minimum Pulse Width 'FPGA_memory_mem1_dqs[6]_IN'
Slack : 0.152
TNS   : 0.000

Type  : Fast 900mV -40C Model Minimum Pulse Width 'i0|emif_0_wf_clk_10'
Slack : 0.353
TNS   : 0.000

Type  : Fast 900mV -40C Model Minimum Pulse Width 'i0|emif_0_wf_clk_3'
Slack : 0.353
TNS   : 0.000

Type  : Fast 900mV -40C Model Minimum Pulse Width 'i0|emif_0_wf_clk_4'
Slack : 0.353
TNS   : 0.000

Type  : Fast 900mV -40C Model Minimum Pulse Width 'i0|emif_0_wf_clk_5'
Slack : 0.353
TNS   : 0.000

Type  : Fast 900mV -40C Model Minimum Pulse Width 'i0|emif_0_wf_clk_6'
Slack : 0.353
TNS   : 0.000

Type  : Fast 900mV -40C Model Minimum Pulse Width 'i0|emif_0_wf_clk_7'
Slack : 0.353
TNS   : 0.000

Type  : Fast 900mV -40C Model Minimum Pulse Width 'i0|emif_0_wf_clk_8'
Slack : 0.353
TNS   : 0.000

Type  : Fast 900mV -40C Model Minimum Pulse Width 'i0|emif_0_wf_clk_9'
Slack : 0.353
TNS   : 0.000

Type  : Fast 900mV -40C Model Minimum Pulse Width 'i0|emif_a10_hps_0_wf_clk_3'
Slack : 0.353
TNS   : 0.000

Type  : Fast 900mV -40C Model Minimum Pulse Width 'i0|emif_a10_hps_0_wf_clk_4'
Slack : 0.353
TNS   : 0.000

Type  : Fast 900mV -40C Model Minimum Pulse Width 'i0|emif_a10_hps_0_wf_clk_5'
Slack : 0.353
TNS   : 0.000

Type  : Fast 900mV -40C Model Minimum Pulse Width 'i0|emif_a10_hps_0_wf_clk_6'
Slack : 0.353
TNS   : 0.000

Type  : Fast 900mV -40C Model Minimum Pulse Width 'i0|emif_a10_hps_0_wf_clk_7'
Slack : 0.353
TNS   : 0.000

Type  : Fast 900mV -40C Model Minimum Pulse Width 'i0|emif_0_vco_clk'
Slack : 0.406
TNS   : 0.000

Type  : Fast 900mV -40C Model Minimum Pulse Width 'i0|emif_0_wf_clk_0'
Slack : 0.409
TNS   : 0.000

Type  : Fast 900mV -40C Model Minimum Pulse Width 'i0|emif_a10_hps_0_wf_clk_0'
Slack : 0.409
TNS   : 0.000

Type  : Fast 900mV -40C Model Minimum Pulse Width 'i0|emif_0_wf_clk_1'
Slack : 0.410
TNS   : 0.000

Type  : Fast 900mV -40C Model Minimum Pulse Width 'i0|emif_0_wf_clk_2'
Slack : 0.410
TNS   : 0.000

Type  : Fast 900mV -40C Model Minimum Pulse Width 'i0|emif_a10_hps_0_wf_clk_1'
Slack : 0.410
TNS   : 0.000

Type  : Fast 900mV -40C Model Minimum Pulse Width 'i0|emif_a10_hps_0_wf_clk_2'
Slack : 0.410
TNS   : 0.000

Type  : Fast 900mV -40C Model Minimum Pulse Width 'i0|emif_0_vco_clk_1'
Slack : 0.414
TNS   : 0.000

Type  : Fast 900mV -40C Model Minimum Pulse Width 'i0|emif_0_vco_clk_2'
Slack : 0.414
TNS   : 0.000

Type  : Fast 900mV -40C Model Minimum Pulse Width 'i0|emif_a10_hps_0_vco_clk_0'
Slack : 0.414
TNS   : 0.000

Type  : Fast 900mV -40C Model Minimum Pulse Width 'i0|emif_a10_hps_0_vco_clk_1'
Slack : 0.414
TNS   : 0.000

Type  : Fast 900mV -40C Model Minimum Pulse Width 'i0|emif_0_phy_clk_0'
Slack : 0.785
TNS   : 0.000

Type  : Fast 900mV -40C Model Minimum Pulse Width 'i0|emif_0_phy_clk_1'
Slack : 0.785
TNS   : 0.000

Type  : Fast 900mV -40C Model Minimum Pulse Width 'i0|emif_0_phy_clk_2'
Slack : 0.785
TNS   : 0.000

Type  : Fast 900mV -40C Model Minimum Pulse Width 'i0|emif_a10_hps_0_phy_clk_0'
Slack : 0.785
TNS   : 0.000

Type  : Fast 900mV -40C Model Minimum Pulse Width 'i0|emif_a10_hps_0_phy_clk_1'
Slack : 0.785
TNS   : 0.000

Type  : Fast 900mV -40C Model Minimum Pulse Width 'i0|emif_a10_hps_0_phy_clk_l_0'
Slack : 0.786
TNS   : 0.000

Type  : Fast 900mV -40C Model Minimum Pulse Width 'i0|emif_a10_hps_0_phy_clk_l_1'
Slack : 0.786
TNS   : 0.000

Type  : Fast 900mV -40C Model Minimum Pulse Width 'i0|emif_0_core_usr_clk'
Slack : 1.348
TNS   : 0.000

Type  : Fast 900mV -40C Model Minimum Pulse Width 'i0|emif_0_phy_clk_l_0'
Slack : 1.620
TNS   : 0.000

Type  : Fast 900mV -40C Model Minimum Pulse Width 'i0|emif_0_phy_clk_l_1'
Slack : 1.620
TNS   : 0.000

Type  : Fast 900mV -40C Model Minimum Pulse Width 'i0|emif_0_phy_clk_l_2'
Slack : 1.620
TNS   : 0.000

Type  : Fast 900mV -40C Model Minimum Pulse Width 'pio_system|emif_a10_hps_0_ref_clock'
Slack : 1.631
TNS   : 0.000

Type  : Fast 900mV -40C Model Minimum Pulse Width 'pio_system|emif_0_ref_clock'
Slack : 1.653
TNS   : 0.000

Type  : Fast 900mV -40C Model Minimum Pulse Width 'i0|emif_0_core_cal_slave_clk'
Slack : 3.026
TNS   : 0.000

Type  : Fast 900mV -40C Model Minimum Pulse Width '~ALTERA_CLKUSR~'
Slack : 3.788
TNS   : 0.000

Type  : Fast 900mV -40C Model Minimum Pulse Width 'i0|emif_0_core_extra_clk_0'
Slack : 4.677
TNS   : 0.000

Type  : Fast 900mV -40C Model Minimum Pulse Width 'hps_spim0_sclk_out'
Slack : 4.799
TNS   : 0.000

Type  : Fast 900mV -40C Model Minimum Pulse Width 'fpga_clk_i'
Slack : 9.933
TNS   : 0.000

Type  : Fast 900mV -40C Model Minimum Pulse Width 'AD1939_MCLK'
Slack : 40.224
TNS   : 0.000

Type  : Fast 900mV -40C Model Minimum Pulse Width 'AD1939_ABCLK'
Slack : 40.491
TNS   : 0.000

Type  : Fast 900mV -40C Model Minimum Pulse Width 'hps_i2c_internal'
Slack : 1248.901
TNS   : 0.000

Type  : Fast 900mV -40C Model Minimum Pulse Width 'AD1939_ALRCLK'
Slack : 2603.702
TNS   : 0.000

Type  : Fast 900mV -40C Model Net Delay 'set_net_delay'
Slack : 2.025

Type  : Fast 900mV -40C Model Net Delay 'set_net_delay'
Slack : 2.366

Type  : Fast 900mV -40C Model Net Delay 'set_net_delay'
Slack : 4.142

Type  : Fast 900mV -40C Model Net Delay 'set_net_delay'
Slack : 5.157

------------------------------------------------------------
Info: see the "DDR report" for DDR timing results
------------------------------------------------------------
------------------------------------------------------------
