Flow report for fft_filters_audiomini
Wed Oct 14 17:05:25 2020
Quartus Prime Version 20.1.0 Build 711 06/05/2020 SJ Standard Edition


---------------------
; Table of Contents ;
---------------------
  1. Legal Notice
  2. Flow Summary
  3. Flow Settings
  4. Flow Non-Default Global Settings
  5. Flow Elapsed Time
  6. Flow OS Summary
  7. Flow Log
  8. Flow Messages
  9. Flow Suppressed Messages



----------------
; Legal Notice ;
----------------
Copyright (C) 2020  Intel Corporation. All rights reserved.
Your use of Intel Corporation's design tools, logic functions 
and other software and tools, and any partner logic 
functions, and any output files from any of the foregoing 
(including device programming or simulation files), and any 
associated documentation or information are expressly subject 
to the terms and conditions of the Intel Program License 
Subscription Agreement, the Intel Quartus Prime License Agreement,
the Intel FPGA IP License Agreement, or other applicable license
agreement, including, without limitation, that your use is for
the sole purpose of programming logic devices manufactured by
Intel and sold by Intel or its authorized distributors.  Please
refer to the applicable agreement for further details, at
https://fpgasoftware.intel.com/eula.



+-----------------------------------------------------------------------------------+
; Flow Summary                                                                      ;
+---------------------------------+-------------------------------------------------+
; Flow Status                     ; Successful - Wed Oct 14 17:04:33 2020           ;
; Quartus Prime Version           ; 20.1.0 Build 711 06/05/2020 SJ Standard Edition ;
; Revision Name                   ; fft_filters_audiomini                           ;
; Top-level Entity Name           ; Audiomini                                       ;
; Family                          ; Cyclone V                                       ;
; Device                          ; 5CSEBA6U23I7                                    ;
; Timing Models                   ; Final                                           ;
; Logic utilization (in ALMs)     ; 4,857 / 41,910 ( 12 % )                         ;
; Total registers                 ; 10518                                           ;
; Total pins                      ; 230 / 314 ( 73 % )                              ;
; Total virtual pins              ; 0                                               ;
; Total block memory bits         ; 720,923 / 5,662,720 ( 13 % )                    ;
; Total DSP Blocks                ; 82 / 112 ( 73 % )                               ;
; Total HSSI RX PCSs              ; 0                                               ;
; Total HSSI PMA RX Deserializers ; 0                                               ;
; Total HSSI TX PCSs              ; 0                                               ;
; Total HSSI PMA TX Serializers   ; 0                                               ;
; Total PLLs                      ; 1 / 6 ( 17 % )                                  ;
; Total DLLs                      ; 1 / 4 ( 25 % )                                  ;
+---------------------------------+-------------------------------------------------+


+-------------------------------------------+
; Flow Settings                             ;
+-------------------+-----------------------+
; Option            ; Setting               ;
+-------------------+-----------------------+
; Start date & time ; 10/14/2020 16:53:18   ;
; Main task         ; Compilation           ;
; Revision Name     ; fft_filters_audiomini ;
+-------------------+-----------------------+


+------------------------------------------------------------------------------------------------------------------------------------------------------------------------------------------------+
; Flow Non-Default Global Settings                                                                                                                                                               ;
+-------------------------------------+--------------------------------------------------------------------------------+-----------------------+------------------------------------+------------+
; Assignment Name                     ; Value                                                                          ; Default Value         ; Entity Name                        ; Section Id ;
+-------------------------------------+--------------------------------------------------------------------------------+-----------------------+------------------------------------+------------+
; COMPILER_SIGNATURE_ID               ; 5311873536066.160271599802312                                                  ; --                    ; --                                 ; --         ;
; ENABLE_SIGNALTAP                    ; Off                                                                            ; --                    ; --                                 ; --         ;
; HPS_ISW_FILE                        ; audiomini_system/synthesis/submodules/sequencer/alt_types.pre.h                ; --                    ; audiomini_system_hps_hps_io_border ; --         ;
; HPS_ISW_FILE                        ; audiomini_system/synthesis/submodules/sequencer/emif.pre.xml                   ; --                    ; audiomini_system_hps_hps_io_border ; --         ;
; HPS_ISW_FILE                        ; audiomini_system/synthesis/submodules/sequencer/sdram_io.pre.h                 ; --                    ; audiomini_system_hps_hps_io_border ; --         ;
; HPS_ISW_FILE                        ; audiomini_system/synthesis/submodules/sequencer/sequencer.pre.c                ; --                    ; audiomini_system_hps_hps_io_border ; --         ;
; HPS_ISW_FILE                        ; audiomini_system/synthesis/submodules/sequencer/sequencer.pre.h                ; --                    ; audiomini_system_hps_hps_io_border ; --         ;
; HPS_ISW_FILE                        ; audiomini_system/synthesis/submodules/sequencer/sequencer_auto.pre.h           ; --                    ; audiomini_system_hps_hps_io_border ; --         ;
; HPS_ISW_FILE                        ; audiomini_system/synthesis/submodules/sequencer/sequencer_auto_ac_init.pre.c   ; --                    ; audiomini_system_hps_hps_io_border ; --         ;
; HPS_ISW_FILE                        ; audiomini_system/synthesis/submodules/sequencer/sequencer_auto_inst_init.pre.c ; --                    ; audiomini_system_hps_hps_io_border ; --         ;
; HPS_ISW_FILE                        ; audiomini_system/synthesis/submodules/sequencer/sequencer_defines.pre.h        ; --                    ; audiomini_system_hps_hps_io_border ; --         ;
; HPS_ISW_FILE                        ; audiomini_system/synthesis/submodules/sequencer/system.pre.h                   ; --                    ; audiomini_system_hps_hps_io_border ; --         ;
; HPS_ISW_FILE                        ; audiomini_system/synthesis/submodules/sequencer/tclrpt.pre.c                   ; --                    ; audiomini_system_hps_hps_io_border ; --         ;
; HPS_ISW_FILE                        ; audiomini_system/synthesis/submodules/sequencer/tclrpt.pre.h                   ; --                    ; audiomini_system_hps_hps_io_border ; --         ;
; HPS_ISW_FILE                        ; audiomini_system/synthesis/submodules/hps.pre.xml                              ; --                    ; audiomini_system_hps_hps_io_border ; --         ;
; HPS_PARTITION                       ; On                                                                             ; --                    ; audiomini_system_hps_hps_io_border ; --         ;
; MAX_CORE_JUNCTION_TEMP              ; 100                                                                            ; --                    ; --                                 ; --         ;
; MIN_CORE_JUNCTION_TEMP              ; -40                                                                            ; --                    ; --                                 ; --         ;
; MISC_FILE                           ; audiomini_system/synthesis/../audiomini_system.cmp                             ; --                    ; --                                 ; --         ;
; MISC_FILE                           ; audiomini_system/synthesis/../../C                                             ; --                    ; --                                 ; --         ;
; MISC_FILE                           ; audiomini_system/synthesis/audiomini_system_hps_hps.svd                        ; --                    ; --                                 ; --         ;
; MISC_FILE                           ; audiomini_system/synthesis/../../audiomini_system.qsys                         ; --                    ; --                                 ; --         ;
; MISC_FILE                           ; audiomini_system/synthesis/submodules/sequencer/alt_types.pre.h                ; --                    ; --                                 ; --         ;
; MISC_FILE                           ; audiomini_system/synthesis/submodules/sequencer/emif.pre.xml                   ; --                    ; --                                 ; --         ;
; MISC_FILE                           ; audiomini_system/synthesis/submodules/sequencer/sdram_io.pre.h                 ; --                    ; --                                 ; --         ;
; MISC_FILE                           ; audiomini_system/synthesis/submodules/sequencer/sequencer.pre.c                ; --                    ; --                                 ; --         ;
; MISC_FILE                           ; audiomini_system/synthesis/submodules/sequencer/sequencer.pre.h                ; --                    ; --                                 ; --         ;
; MISC_FILE                           ; audiomini_system/synthesis/submodules/sequencer/sequencer_auto.pre.h           ; --                    ; --                                 ; --         ;
; MISC_FILE                           ; audiomini_system/synthesis/submodules/sequencer/sequencer_auto_ac_init.pre.c   ; --                    ; --                                 ; --         ;
; MISC_FILE                           ; audiomini_system/synthesis/submodules/sequencer/sequencer_auto_inst_init.pre.c ; --                    ; --                                 ; --         ;
; MISC_FILE                           ; audiomini_system/synthesis/submodules/sequencer/sequencer_defines.pre.h        ; --                    ; --                                 ; --         ;
; MISC_FILE                           ; audiomini_system/synthesis/submodules/sequencer/system.pre.h                   ; --                    ; --                                 ; --         ;
; MISC_FILE                           ; audiomini_system/synthesis/submodules/sequencer/tclrpt.pre.c                   ; --                    ; --                                 ; --         ;
; MISC_FILE                           ; audiomini_system/synthesis/submodules/sequencer/tclrpt.pre.h                   ; --                    ; --                                 ; --         ;
; MISC_FILE                           ; audiomini_system/synthesis/submodules/hps.pre.xml                              ; --                    ; --                                 ; --         ;
; PARTITION_COLOR                     ; -- (Not supported for targeted family)                                         ; --                    ; Audiomini                          ; Top        ;
; PARTITION_FITTER_PRESERVATION_LEVEL ; -- (Not supported for targeted family)                                         ; --                    ; Audiomini                          ; Top        ;
; PARTITION_NETLIST_TYPE              ; -- (Not supported for targeted family)                                         ; --                    ; Audiomini                          ; Top        ;
; POST_FLOW_SCRIPT_FILE               ; quartus_sh:gen_rbf.tcl                                                         ; --                    ; --                                 ; --         ;
; POWER_BOARD_THERMAL_MODEL           ; None (CONSERVATIVE)                                                            ; --                    ; --                                 ; --         ;
; POWER_PRESET_COOLING_SOLUTION       ; 23 MM HEAT SINK WITH 200 LFPM AIRFLOW                                          ; --                    ; --                                 ; --         ;
; PROJECT_OUTPUT_DIRECTORY            ; output_files                                                                   ; --                    ; --                                 ; --         ;
; SLD_FILE                            ; audiomini_system/synthesis/audiomini_system.regmap                             ; --                    ; --                                 ; --         ;
; SLD_FILE                            ; audiomini_system/synthesis/audiomini_system.debuginfo                          ; --                    ; --                                 ; --         ;
; SLD_INFO                            ; QSYS_NAME audiomini_system HAS_SOPCINFO 1 GENERATION_ID 1602715943             ; --                    ; audiomini_system                   ; --         ;
; SOPCINFO_FILE                       ; audiomini_system/synthesis/../../audiomini_system.sopcinfo                     ; --                    ; --                                 ; --         ;
; SYNTHESIS_ONLY_QIP                  ; On                                                                             ; --                    ; --                                 ; --         ;
; TOP_LEVEL_ENTITY                    ; Audiomini                                                                      ; fft_filters_audiomini ; --                                 ; --         ;
+-------------------------------------+--------------------------------------------------------------------------------+-----------------------+------------------------------------+------------+


+--------------------------------------------------------------------------------------------------------------------------+
; Flow Elapsed Time                                                                                                        ;
+----------------------+--------------+-------------------------+---------------------+------------------------------------+
; Module Name          ; Elapsed Time ; Average Processors Used ; Peak Virtual Memory ; Total CPU Time (on all processors) ;
+----------------------+--------------+-------------------------+---------------------+------------------------------------+
; Analysis & Synthesis ; 00:03:01     ; 3.7                     ; 6162 MB             ; 00:10:16                           ;
; Fitter               ; 00:04:41     ; 1.4                     ; 8964 MB             ; 00:22:12                           ;
; Assembler            ; 00:00:18     ; 1.0                     ; 5062 MB             ; 00:00:16                           ;
; Timing Analyzer      ; 00:00:49     ; 2.5                     ; 6420 MB             ; 00:01:46                           ;
; Total                ; 00:08:49     ; --                      ; --                  ; 00:34:30                           ;
+----------------------+--------------+-------------------------+---------------------+------------------------------------+


+------------------------------------------------------------------------------------+
; Flow OS Summary                                                                    ;
+----------------------+------------------+------------+------------+----------------+
; Module Name          ; Machine Hostname ; OS Name    ; OS Version ; Processor type ;
+----------------------+------------------+------------+------------+----------------+
; Analysis & Synthesis ; DESKTOP-F6HVNK2  ; Windows 10 ; 10.0       ; x86_64         ;
; Fitter               ; DESKTOP-F6HVNK2  ; Windows 10 ; 10.0       ; x86_64         ;
; Assembler            ; DESKTOP-F6HVNK2  ; Windows 10 ; 10.0       ; x86_64         ;
; Timing Analyzer      ; DESKTOP-F6HVNK2  ; Windows 10 ; 10.0       ; x86_64         ;
+----------------------+------------------+------------+------------+----------------+


------------
; Flow Log ;
------------
quartus_map --read_settings_files=on --write_settings_files=off fft_filters -c fft_filters_audiomini
quartus_fit --read_settings_files=off --write_settings_files=off fft_filters -c fft_filters_audiomini
quartus_asm --read_settings_files=off --write_settings_files=off fft_filters -c fft_filters_audiomini
quartus_sta fft_filters -c fft_filters_audiomini



