------------------------------------------------------------
Timing Analyzer Summary
------------------------------------------------------------

Type  : Slow 1100mV 100C Model Setup 'audiomini_system:u0|audiomini_system_hps:hps|audiomini_system_hps_hps_io:hps_io|audiomini_system_hps_hps_io_border:border|hps_sdram:hps_sdram_inst|hps_sdram_pll:pll|afi_clk_write_clk'
Slack : 1.574
TNS   : 0.000

Type  : Slow 1100mV 100C Model Setup 'altera_reserved_tck'
Slack : 12.466
TNS   : 0.000

Type  : Slow 1100mV 100C Model Hold 'audiomini_system:u0|audiomini_system_hps:hps|audiomini_system_hps_hps_io:hps_io|audiomini_system_hps_hps_io_border:border|hps_sdram:hps_sdram_inst|hps_sdram_pll:pll|afi_clk_write_clk'
Slack : 0.164
TNS   : 0.000

Type  : Slow 1100mV 100C Model Hold 'altera_reserved_tck'
Slack : 0.340
TNS   : 0.000

Type  : Slow 1100mV 100C Model Recovery 'audiomini_system:u0|audiomini_system_hps:hps|audiomini_system_hps_hps_io:hps_io|audiomini_system_hps_hps_io_border:border|hps_sdram:hps_sdram_inst|hps_sdram_pll:pll|afi_clk_write_clk'
Slack : 3.040
TNS   : 0.000

Type  : Slow 1100mV 100C Model Recovery 'altera_reserved_tck'
Slack : 14.234
TNS   : 0.000

Type  : Slow 1100mV 100C Model Removal 'audiomini_system:u0|audiomini_system_hps:hps|audiomini_system_hps_hps_io:hps_io|audiomini_system_hps_hps_io_border:border|hps_sdram:hps_sdram_inst|hps_sdram_pll:pll|afi_clk_write_clk'
Slack : 0.562
TNS   : 0.000

Type  : Slow 1100mV 100C Model Removal 'altera_reserved_tck'
Slack : 1.084
TNS   : 0.000

Type  : Slow 1100mV 100C Model Minimum Pulse Width 'audiomini_system:u0|audiomini_system_hps:hps|audiomini_system_hps_hps_io:hps_io|audiomini_system_hps_hps_io_border:border|hps_sdram:hps_sdram_inst|hps_sdram_pll:pll|pll_write_clk_dq_write_clk'
Slack : 0.523
TNS   : 0.000

Type  : Slow 1100mV 100C Model Minimum Pulse Width 'audiomini_system:u0|audiomini_system_hps:hps|audiomini_system_hps_hps_io:hps_io|audiomini_system_hps_hps_io_border:border|hps_sdram:hps_sdram_inst|hps_sdram_pll:pll|afi_clk_write_clk'
Slack : 0.540
TNS   : 0.000

Type  : Slow 1100mV 100C Model Minimum Pulse Width 'altera_reserved_tck'
Slack : 15.558
TNS   : 0.000

Type  : Slow 1100mV -40C Model Setup 'audiomini_system:u0|audiomini_system_hps:hps|audiomini_system_hps_hps_io:hps_io|audiomini_system_hps_hps_io_border:border|hps_sdram:hps_sdram_inst|hps_sdram_pll:pll|afi_clk_write_clk'
Slack : 1.573
TNS   : 0.000

Type  : Slow 1100mV -40C Model Setup 'altera_reserved_tck'
Slack : 12.595
TNS   : 0.000

Type  : Slow 1100mV -40C Model Hold 'audiomini_system:u0|audiomini_system_hps:hps|audiomini_system_hps_hps_io:hps_io|audiomini_system_hps_hps_io_border:border|hps_sdram:hps_sdram_inst|hps_sdram_pll:pll|afi_clk_write_clk'
Slack : 0.216
TNS   : 0.000

Type  : Slow 1100mV -40C Model Hold 'altera_reserved_tck'
Slack : 0.338
TNS   : 0.000

Type  : Slow 1100mV -40C Model Recovery 'audiomini_system:u0|audiomini_system_hps:hps|audiomini_system_hps_hps_io:hps_io|audiomini_system_hps_hps_io_border:border|hps_sdram:hps_sdram_inst|hps_sdram_pll:pll|afi_clk_write_clk'
Slack : 3.130
TNS   : 0.000

Type  : Slow 1100mV -40C Model Recovery 'altera_reserved_tck'
Slack : 14.382
TNS   : 0.000

Type  : Slow 1100mV -40C Model Removal 'audiomini_system:u0|audiomini_system_hps:hps|audiomini_system_hps_hps_io:hps_io|audiomini_system_hps_hps_io_border:border|hps_sdram:hps_sdram_inst|hps_sdram_pll:pll|afi_clk_write_clk'
Slack : 0.590
TNS   : 0.000

Type  : Slow 1100mV -40C Model Removal 'altera_reserved_tck'
Slack : 1.050
TNS   : 0.000

Type  : Slow 1100mV -40C Model Minimum Pulse Width 'audiomini_system:u0|audiomini_system_hps:hps|audiomini_system_hps_hps_io:hps_io|audiomini_system_hps_hps_io_border:border|hps_sdram:hps_sdram_inst|hps_sdram_pll:pll|pll_write_clk_dq_write_clk'
Slack : 0.525
TNS   : 0.000

Type  : Slow 1100mV -40C Model Minimum Pulse Width 'audiomini_system:u0|audiomini_system_hps:hps|audiomini_system_hps_hps_io:hps_io|audiomini_system_hps_hps_io_border:border|hps_sdram:hps_sdram_inst|hps_sdram_pll:pll|afi_clk_write_clk'
Slack : 0.546
TNS   : 0.000

Type  : Slow 1100mV -40C Model Minimum Pulse Width 'altera_reserved_tck'
Slack : 15.544
TNS   : 0.000

Type  : Fast 1100mV 100C Model Setup 'audiomini_system:u0|audiomini_system_hps:hps|audiomini_system_hps_hps_io:hps_io|audiomini_system_hps_hps_io_border:border|hps_sdram:hps_sdram_inst|hps_sdram_pll:pll|afi_clk_write_clk'
Slack : 2.113
TNS   : 0.000

Type  : Fast 1100mV 100C Model Setup 'altera_reserved_tck'
Slack : 15.011
TNS   : 0.000

Type  : Fast 1100mV 100C Model Hold 'audiomini_system:u0|audiomini_system_hps:hps|audiomini_system_hps_hps_io:hps_io|audiomini_system_hps_hps_io_border:border|hps_sdram:hps_sdram_inst|hps_sdram_pll:pll|afi_clk_write_clk'
Slack : 0.083
TNS   : 0.000

Type  : Fast 1100mV 100C Model Hold 'altera_reserved_tck'
Slack : 0.218
TNS   : 0.000

Type  : Fast 1100mV 100C Model Recovery 'audiomini_system:u0|audiomini_system_hps:hps|audiomini_system_hps_hps_io:hps_io|audiomini_system_hps_hps_io_border:border|hps_sdram:hps_sdram_inst|hps_sdram_pll:pll|afi_clk_write_clk'
Slack : 3.731
TNS   : 0.000

Type  : Fast 1100mV 100C Model Recovery 'altera_reserved_tck'
Slack : 15.809
TNS   : 0.000

Type  : Fast 1100mV 100C Model Removal 'altera_reserved_tck'
Slack : 0.491
TNS   : 0.000

Type  : Fast 1100mV 100C Model Removal 'audiomini_system:u0|audiomini_system_hps:hps|audiomini_system_hps_hps_io:hps_io|audiomini_system_hps_hps_io_border:border|hps_sdram:hps_sdram_inst|hps_sdram_pll:pll|afi_clk_write_clk'
Slack : 0.497
TNS   : 0.000

Type  : Fast 1100mV 100C Model Minimum Pulse Width 'audiomini_system:u0|audiomini_system_hps:hps|audiomini_system_hps_hps_io:hps_io|audiomini_system_hps_hps_io_border:border|hps_sdram:hps_sdram_inst|hps_sdram_pll:pll|pll_write_clk_dq_write_clk'
Slack : 0.883
TNS   : 0.000

Type  : Fast 1100mV 100C Model Minimum Pulse Width 'audiomini_system:u0|audiomini_system_hps:hps|audiomini_system_hps_hps_io:hps_io|audiomini_system_hps_hps_io_border:border|hps_sdram:hps_sdram_inst|hps_sdram_pll:pll|afi_clk_write_clk'
Slack : 0.891
TNS   : 0.000

Type  : Fast 1100mV 100C Model Minimum Pulse Width 'altera_reserved_tck'
Slack : 15.492
TNS   : 0.000

Type  : Fast 1100mV -40C Model Setup 'audiomini_system:u0|audiomini_system_hps:hps|audiomini_system_hps_hps_io:hps_io|audiomini_system_hps_hps_io_border:border|hps_sdram:hps_sdram_inst|hps_sdram_pll:pll|afi_clk_write_clk'
Slack : 2.113
TNS   : 0.000

Type  : Fast 1100mV -40C Model Setup 'altera_reserved_tck'
Slack : 15.360
TNS   : 0.000

Type  : Fast 1100mV -40C Model Hold 'audiomini_system:u0|audiomini_system_hps:hps|audiomini_system_hps_hps_io:hps_io|audiomini_system_hps_hps_io_border:border|hps_sdram:hps_sdram_inst|hps_sdram_pll:pll|afi_clk_write_clk'
Slack : 0.076
TNS   : 0.000

Type  : Fast 1100mV -40C Model Hold 'altera_reserved_tck'
Slack : 0.177
TNS   : 0.000

Type  : Fast 1100mV -40C Model Recovery 'audiomini_system:u0|audiomini_system_hps:hps|audiomini_system_hps_hps_io:hps_io|audiomini_system_hps_hps_io_border:border|hps_sdram:hps_sdram_inst|hps_sdram_pll:pll|afi_clk_write_clk'
Slack : 3.843
TNS   : 0.000

Type  : Fast 1100mV -40C Model Recovery 'altera_reserved_tck'
Slack : 16.061
TNS   : 0.000

Type  : Fast 1100mV -40C Model Removal 'altera_reserved_tck'
Slack : 0.389
TNS   : 0.000

Type  : Fast 1100mV -40C Model Removal 'audiomini_system:u0|audiomini_system_hps:hps|audiomini_system_hps_hps_io:hps_io|audiomini_system_hps_hps_io_border:border|hps_sdram:hps_sdram_inst|hps_sdram_pll:pll|afi_clk_write_clk'
Slack : 0.463
TNS   : 0.000

Type  : Fast 1100mV -40C Model Minimum Pulse Width 'audiomini_system:u0|audiomini_system_hps:hps|audiomini_system_hps_hps_io:hps_io|audiomini_system_hps_hps_io_border:border|hps_sdram:hps_sdram_inst|hps_sdram_pll:pll|pll_write_clk_dq_write_clk'
Slack : 0.887
TNS   : 0.000

Type  : Fast 1100mV -40C Model Minimum Pulse Width 'audiomini_system:u0|audiomini_system_hps:hps|audiomini_system_hps_hps_io:hps_io|audiomini_system_hps_hps_io_border:border|hps_sdram:hps_sdram_inst|hps_sdram_pll:pll|afi_clk_write_clk'
Slack : 0.895
TNS   : 0.000

Type  : Fast 1100mV -40C Model Minimum Pulse Width 'altera_reserved_tck'
Slack : 15.462
TNS   : 0.000

------------------------------------------------------------
Info: see the "DDR report" for DDR timing results
------------------------------------------------------------
------------------------------------------------------------
