Info: Starting: Create HDL design files for synthesis
Info: qsys-generate C:\Users\conno\Documents\NIH-GitHub\simulink_models\models\simple_gain\hdlsrc\simple_gain\quartus\audiomini_system.qsys --synthesis=VHDL --output-directory=C:\Users\conno\Documents\NIH-GitHub\simulink_models\models\simple_gain\hdlsrc\simple_gain\quartus\audiomini_system\synthesis --family="Cyclone V" --part=5CSEBA6U23I7
Progress: Loading quartus/audiomini_system.qsys
Progress: Reading input file
Progress: Adding FE_Qsys_AD1939_Audio_Mini_v1_0 [FE_Qsys_AD1939_Audio_Mini_v1 1.0]
Progress: Parameterizing module FE_Qsys_AD1939_Audio_Mini_v1_0
Progress: Adding SystemID [altera_avalon_sysid_qsys 20.1]
Progress: Parameterizing module SystemID
Progress: Adding clk_AD1939_ABCLK [clock_source 20.1]
Progress: Parameterizing module clk_AD1939_ABCLK
Progress: Adding clk_AD1939_ALRCLK [clock_source 20.1]
Progress: Parameterizing module clk_AD1939_ALRCLK
Progress: Adding clk_hps [clock_source 20.1]
Progress: Parameterizing module clk_hps
Progress: Adding hps [altera_hps 20.1]
Progress: Parameterizing module hps
Progress: Adding jtag_uart [altera_avalon_jtag_uart 20.1]
Progress: Parameterizing module jtag_uart
Progress: Adding onchip_memory [altera_avalon_onchip_memory2 20.1]
Progress: Parameterizing module onchip_memory
Progress: Adding pll_using_AD1939_MCLK [altera_pll 20.1]
Progress: Parameterizing module pll_using_AD1939_MCLK
Progress: Adding simple_gain_0 [simple_gain 1.0]
Progress: Parameterizing module simple_gain_0
Progress: Building connections
Progress: Parameterizing connections
Progress: Validating
Progress: Done reading input file
Info: audiomini_system.SystemID: System ID is not assigned automatically. Edit the System ID parameter to provide a unique ID
Info: audiomini_system.SystemID: Time stamp will be automatically updated when this component is generated.
Info: audiomini_system.hps: HPS Main PLL counter settings: n = 0  m = 63
Info: audiomini_system.hps: HPS peripherial PLL counter settings: n = 0  m = 39
Info: audiomini_system.jtag_uart: JTAG UART IP input clock need to be at least double (2x) the operating frequency of JTAG TCK on board
Info: audiomini_system.pll_using_AD1939_MCLK: The legal reference clock frequency is 5.0 MHz..700.0 MHz
Info: audiomini_system.pll_using_AD1939_MCLK: Able to implement PLL with user settings
Info: audiomini_system.FE_Qsys_AD1939_Audio_Mini_v1_0.Line_In/simple_gain_0.avalon_streaming_sink: Max channel is 3 for source and 1 for sink. Avalon-ST Adapter will be inserted..
Info: audiomini_system.FE_Qsys_AD1939_Audio_Mini_v1_0.Line_In/simple_gain_0.avalon_streaming_sink: The source channel signal is 2 bits, but the sink is 1 bits. Avalon-ST Adapter will be inserted.
Info: audiomini_system.simple_gain_0.avalon_streaming_source/FE_Qsys_AD1939_Audio_Mini_v1_0.Headphone_Out: Max channel is 1 for source and 3 for sink. Avalon-ST Adapter will be inserted..
Info: audiomini_system.simple_gain_0.avalon_streaming_source/FE_Qsys_AD1939_Audio_Mini_v1_0.Headphone_Out: The source channel signal is 1 bits, but the sink is 2 bits. Avalon-ST Adapter will be inserted.
Info: audiomini_system: Generating audiomini_system "audiomini_system" for QUARTUS_SYNTH
Info: Interconnect is inserted between master hps.h2f_axi_master and slave onchip_memory.s1 because the master is of type axi and the slave is of type avalon.
Info: Inserting clock-crossing logic between cmd_demux.src1 and cmd_mux_001.sink0
Info: Inserting clock-crossing logic between cmd_demux_001.src1 and cmd_mux_001.sink1
Info: Inserting clock-crossing logic between rsp_demux_001.src0 and rsp_mux.sink1
Info: Inserting clock-crossing logic between rsp_demux_001.src1 and rsp_mux_001.sink1
Warning: hps.f2h_irq0: Cannot connect clock for irq_mapper.sender
Warning: hps.f2h_irq0: Cannot connect reset for irq_mapper.sender
Warning: hps.f2h_irq1: Cannot connect clock for irq_mapper_001.sender
Warning: hps.f2h_irq1: Cannot connect reset for irq_mapper_001.sender
Info: avalon_st_adapter: Inserting channel_adapter: channel_adapter_0
Info: avalon_st_adapter_001: Inserting channel_adapter: channel_adapter_0
Info: FE_Qsys_AD1939_Audio_Mini_v1_0: "audiomini_system" instantiated FE_Qsys_AD1939_Audio_Mini_v1 "FE_Qsys_AD1939_Audio_Mini_v1_0"
Info: SystemID: "audiomini_system" instantiated altera_avalon_sysid_qsys "SystemID"
Info: hps: "Running  for module: hps"
Info: hps: HPS Main PLL counter settings: n = 0  m = 63
Info: hps: HPS peripherial PLL counter settings: n = 0  m = 39
Info: hps: "audiomini_system" instantiated altera_hps "hps"
Info: jtag_uart: Starting RTL generation for module 'audiomini_system_jtag_uart'
Info: jtag_uart:   Generation command is [exec C:/intelfpga/20.1/quartus/bin64/perl/bin/perl.exe -I C:/intelfpga/20.1/quartus/bin64/perl/lib -I C:/intelfpga/20.1/quartus/sopc_builder/bin/europa -I C:/intelfpga/20.1/quartus/sopc_builder/bin -I C:/intelfpga/20.1/quartus/../ip/altera/sopc_builder_ip/common -I C:/intelfpga/20.1/quartus/../ip/altera/sopc_builder_ip/altera_avalon_jtag_uart -- C:/intelfpga/20.1/quartus/../ip/altera/sopc_builder_ip/altera_avalon_jtag_uart/generate_rtl.pl --name=audiomini_system_jtag_uart --dir=C:/Users/conno/AppData/Local/Temp/alt8549_4883074699713104390.dir/0004_jtag_uart_gen/ --quartus_dir=C:/intelfpga/20.1/quartus --verilog --config=C:/Users/conno/AppData/Local/Temp/alt8549_4883074699713104390.dir/0004_jtag_uart_gen//audiomini_system_jtag_uart_component_configuration.pl  --do_build_sim=0  ]
Info: jtag_uart: Done RTL generation for module 'audiomini_system_jtag_uart'
Info: jtag_uart: "audiomini_system" instantiated altera_avalon_jtag_uart "jtag_uart"
Info: onchip_memory: Starting RTL generation for module 'audiomini_system_onchip_memory'
Info: onchip_memory:   Generation command is [exec C:/intelfpga/20.1/quartus/bin64/perl/bin/perl.exe -I C:/intelfpga/20.1/quartus/bin64/perl/lib -I C:/intelfpga/20.1/quartus/sopc_builder/bin/europa -I C:/intelfpga/20.1/quartus/sopc_builder/bin -I C:/intelfpga/20.1/quartus/../ip/altera/sopc_builder_ip/common -I C:/intelfpga/20.1/quartus/../ip/altera/sopc_builder_ip/altera_avalon_onchip_memory2 -- C:/intelfpga/20.1/quartus/../ip/altera/sopc_builder_ip/altera_avalon_onchip_memory2/generate_rtl.pl --name=audiomini_system_onchip_memory --dir=C:/Users/conno/AppData/Local/Temp/alt8549_4883074699713104390.dir/0005_onchip_memory_gen/ --quartus_dir=C:/intelfpga/20.1/quartus --verilog --config=C:/Users/conno/AppData/Local/Temp/alt8549_4883074699713104390.dir/0005_onchip_memory_gen//audiomini_system_onchip_memory_component_configuration.pl  --do_build_sim=0  ]
Info: onchip_memory: Done RTL generation for module 'audiomini_system_onchip_memory'
Info: onchip_memory: "audiomini_system" instantiated altera_avalon_onchip_memory2 "onchip_memory"
Info: pll_using_AD1939_MCLK: "audiomini_system" instantiated altera_pll "pll_using_AD1939_MCLK"
Info: simple_gain_0: "audiomini_system" instantiated simple_gain "simple_gain_0"
Info: avalon_st_adapter: Inserting error_adapter: error_adapter_0
Info: mm_interconnect_0: "audiomini_system" instantiated altera_mm_interconnect "mm_interconnect_0"
Info: avalon_st_adapter: Inserting error_adapter: error_adapter_0
Info: avalon_st_adapter_001: Inserting error_adapter: error_adapter_0
Info: avalon_st_adapter_002: Inserting error_adapter: error_adapter_0
Info: mm_interconnect_1: "audiomini_system" instantiated altera_mm_interconnect "mm_interconnect_1"
Info: irq_mapper: "audiomini_system" instantiated altera_irq_mapper "irq_mapper"
Info: irq_mapper_001: "audiomini_system" instantiated altera_irq_mapper "irq_mapper_001"
Info: avalon_st_adapter: "audiomini_system" instantiated altera_avalon_st_adapter "avalon_st_adapter"
Info: avalon_st_adapter_001: "audiomini_system" instantiated altera_avalon_st_adapter "avalon_st_adapter_001"
Info: rst_controller: "audiomini_system" instantiated altera_reset_controller "rst_controller"
Info: fpga_interfaces: "hps" instantiated altera_interface_generator "fpga_interfaces"
Info: hps_io: "hps" instantiated altera_hps_io "hps_io"
Info: onchip_memory_s1_translator: "mm_interconnect_0" instantiated altera_merlin_slave_translator "onchip_memory_s1_translator"
Info: hps_h2f_axi_master_agent: "mm_interconnect_0" instantiated altera_merlin_axi_master_ni "hps_h2f_axi_master_agent"
Info: onchip_memory_s1_agent: "mm_interconnect_0" instantiated altera_merlin_slave_agent "onchip_memory_s1_agent"
Info: onchip_memory_s1_agent_rsp_fifo: "mm_interconnect_0" instantiated altera_avalon_sc_fifo "onchip_memory_s1_agent_rsp_fifo"
Info: router: "mm_interconnect_0" instantiated altera_merlin_router "router"
Info: router_002: "mm_interconnect_0" instantiated altera_merlin_router "router_002"
Info: onchip_memory_s1_burst_adapter: "mm_interconnect_0" instantiated altera_merlin_burst_adapter "onchip_memory_s1_burst_adapter"
Info: Reusing file C:/Users/conno/Documents/NIH-GitHub/simulink_models/models/simple_gain/hdlsrc/simple_gain/quartus/audiomini_system/synthesis/submodules/altera_merlin_address_alignment.sv
Info: cmd_demux: "mm_interconnect_0" instantiated altera_merlin_demultiplexer "cmd_demux"
Info: cmd_mux: "mm_interconnect_0" instantiated altera_merlin_multiplexer "cmd_mux"
Info: rsp_demux: "mm_interconnect_0" instantiated altera_merlin_demultiplexer "rsp_demux"
Info: rsp_mux: "mm_interconnect_0" instantiated altera_merlin_multiplexer "rsp_mux"
Info: Reusing file C:/Users/conno/Documents/NIH-GitHub/simulink_models/models/simple_gain/hdlsrc/simple_gain/quartus/audiomini_system/synthesis/submodules/altera_merlin_arbitrator.sv
Info: avalon_st_adapter: "mm_interconnect_0" instantiated altera_avalon_st_adapter "avalon_st_adapter"
Info: router: "mm_interconnect_1" instantiated altera_merlin_router "router"
Info: router_002: "mm_interconnect_1" instantiated altera_merlin_router "router_002"
Info: hps_h2f_lw_axi_master_wr_limiter: "mm_interconnect_1" instantiated altera_merlin_traffic_limiter "hps_h2f_lw_axi_master_wr_limiter"
Info: Reusing file C:/Users/conno/Documents/NIH-GitHub/simulink_models/models/simple_gain/hdlsrc/simple_gain/quartus/audiomini_system/synthesis/submodules/altera_avalon_sc_fifo.v
Info: Reusing file C:/Users/conno/Documents/NIH-GitHub/simulink_models/models/simple_gain/hdlsrc/simple_gain/quartus/audiomini_system/synthesis/submodules/altera_avalon_st_pipeline_base.v
Info: cmd_demux: "mm_interconnect_1" instantiated altera_merlin_demultiplexer "cmd_demux"
Info: cmd_mux: "mm_interconnect_1" instantiated altera_merlin_multiplexer "cmd_mux"
Info: Reusing file C:/Users/conno/Documents/NIH-GitHub/simulink_models/models/simple_gain/hdlsrc/simple_gain/quartus/audiomini_system/synthesis/submodules/altera_merlin_arbitrator.sv
Info: rsp_demux: "mm_interconnect_1" instantiated altera_merlin_demultiplexer "rsp_demux"
Info: rsp_demux_001: "mm_interconnect_1" instantiated altera_merlin_demultiplexer "rsp_demux_001"
Info: rsp_mux: "mm_interconnect_1" instantiated altera_merlin_multiplexer "rsp_mux"
Info: Reusing file C:/Users/conno/Documents/NIH-GitHub/simulink_models/models/simple_gain/hdlsrc/simple_gain/quartus/audiomini_system/synthesis/submodules/altera_merlin_arbitrator.sv
Info: crosser: "mm_interconnect_1" instantiated altera_avalon_st_handshake_clock_crosser "crosser"
Info: Reusing file C:/Users/conno/Documents/NIH-GitHub/simulink_models/models/simple_gain/hdlsrc/simple_gain/quartus/audiomini_system/synthesis/submodules/altera_avalon_st_pipeline_base.v
Info: avalon_st_adapter: "mm_interconnect_1" instantiated altera_avalon_st_adapter "avalon_st_adapter"
Info: channel_adapter_0: "avalon_st_adapter" instantiated channel_adapter "channel_adapter_0"
Info: channel_adapter_0: "avalon_st_adapter_001" instantiated channel_adapter "channel_adapter_0"
Info: border: "hps_io" instantiated altera_interface_generator "border"
Info: error_adapter_0: "avalon_st_adapter" instantiated error_adapter "error_adapter_0"
Info: error_adapter_0: "avalon_st_adapter" instantiated error_adapter "error_adapter_0"
Info: audiomini_system: Done "audiomini_system" with 44 modules, 115 files
Info: qsys-generate succeeded.
Info: Finished: Create HDL design files for synthesis
